g08.dat
File name:	g08.dat	
File size:	47449 bytes  1046 records	
File date:	2026-Oct-01 10:52:04 AM	
Syntax:	g08.lgs	
		LL	BIC(LL)	AIC(LL)	AIC3(LL)	Npar	Class.Err.	Entropy R²	
g08	F1  F2  2-GClass	-3080.7368	6224.0482	6179.4737	6188.4737	9	.	.	
g08 - LL = -3080.7368
F1  F2  2-GClass Syntax Model	
					
Number of groups	150				
Number of cases	1046				
Number of parameters (Npar)	9				
Activated Constraints	0				
Random Seed	20261001				
Best Start Seed	564344				
					
Log-likelihood Statistics					
Log-likelihood (LL)	-3080.7368				
Log-prior	0.0000				
Log-posterior	-3080.7368				
BIC (based on LL)	6224.0482				
AIC (based on LL)	6179.4737				
AIC3 (based on LL)	6188.4737				
CAIC (based on LL)	6233.0482				
SABIC (based on LL)	6195.4629				
BIC (based on LL,Ngroups)	6206.5694				
CAIC (based on LL,Ngroups)	6215.5694				
SABIC (based on LL,Ngroups)	6178.0861				
					
					
Classification Statistics	F1	F2	GClass		
Classification errors			0.0546		
Reduction of errors (Lambda)			0.8818		
Entropy R-squared			0.7903		
Standard R-squared	0.7605	0.6110	0.8313		
Classification log-likelihood	-3392.8232				
Entropy	312.0863				
CLC	6785.6463				
AWE	6937.7955				
ICL-BIC	6848.2209				
					
GClass  Classification Table	Modal				
Latent	1	2	Total		
1	65.0335	4.2202	69.2537		
2	3.9665	76.7798	80.7463		
Total	69.0000	81.0000	150.0000		
					
GClass  Classification Table	Proportional				
Latent	1	2	Total		
1	62.9646	6.2891	69.2537		
2	6.2891	74.4572	80.7463		
Total	69.2537	80.7463	150.0000		
					
Files					
Infile	C:\lgfamilies\g08.dat	
					
Options					
threads	10				
algorithm					
tolerance	1e-10				
emtolerance	1e-08				
emiterations	5000				
nriterations	500				
algorithm	NR				
MstepNR	no				
startvalues					
seed	20261001				
sets	20				
tolerance	1e-05				
iterations	250				
bayes					
categorical	0				
variances	0				
latent	0				
poisson	0				
quadrature					
nodes	15				
missing	excludeall				
output					
parameters	first				
standard errors	standard				
identification	no				
validation LL	no				
sample size BIC	    1046				
predictionstatistics	no				
outfile					
file name	g08_posteriors.txt	
classification	posterior				
prediction	no				
simulation	no				
seed	0				
individualcoefficients	no				
logdensities	no				
id	no				
					
Variable Detail					
Group ID	g	150			
Latent					
F1	Continuous	Group	15		
F2	Continuous	Group	15		
GClass	Nominal	Group	2		
 					
Dependent					
y1	Continuous				
y2	Continuous				
Syntax
options
   maxthreads=all;
   algorithm
      tolerance=1e-010 emtolerance=1e-008 emiterations=5000 nriterations=500;
   startvalues
      seed=20261001 sets=20 tolerance=1e-005 iterations=250;
   bayes
      categorical=0 variances=0 latent=0 poisson=0;
   quadrature nodes=15;
   missing excludeall;
   output
      parameters=first standarderrors profile estimatedvalues=model;
   outfile 'g08_posteriors.txt' classification keep id g;
variables
   groupid g;
   dependent y1 continuous, y2 continuous;
   latent
      GClass group nominal 2,
      F1 group continuous,
      F2 group continuous;
equations
   GClass <- 1;
   F1;
   F2;
   y1 <- 1 + (1) F1;
   y2 <- 1 + (1) F2;
   y1 | GClass;
   y2 | GClass;
Parameters
Regression Parameters	
term	coef	s.e.	z-value	p-value	Wald(0)	df	p-value	Wald(=)	df	p-value	
GClass(1)	<-	1			0.0000	.	.	.	0.6566	1	0.42				
GClass(2)	<-	1			0.1535	0.1895	0.8103	0.42							
															
y1	<-	1			0.4935	0.0571	8.6366	5.8e-18	74.5911	1	5.8e-18				
y1	<-	F1			1.0000	.	.	.							
															
y2	<-	1			-0.6351	0.0535	-11.8792	1.5e-32	141.1156	1	1.5e-32				
y2	<-	F2			1.0000	.	.	.							
	
Variances	
term	coef	s.e.	z-value	p-value	Wald(0)	df	p-value	Wald(=)	df	p-value	
F1		(chol) 			0.6674	0.0450	14.8395	8.1e-50	220.2112	1	8.1e-50				
F2		(chol) 			0.4963	0.0427	11.6170	3.4e-31	134.9545	1	3.4e-31				
y1			|	GClass(1)	1.5819	0.1171	13.5136	1.3e-41	321.9334	2	1.2e-70	94.1469	1	2.9e-22	
y1			|	GClass(2)	0.4345	0.0330	13.1533	1.6e-39							
y2			|	GClass(1)	2.0759	0.1539	13.4845	1.9e-41	319.5629	2	4.1e-70	108.7081	1	1.9e-25	
y2			|	GClass(2)	0.4802	0.0355	13.5148	1.3e-41							
	
Variances / Covariances continuous latent	
term	coef	s.e.	z-value	p-value							
F1					0.4454	0.0600	7.4198	1.2e-13							
F1	<->	F2			0.0000	.	.	.							
F2					0.2463	0.0424	5.8085	6.3e-9							
Paired Comparisons
Paired Comparisons	
term	comparison	Wald	df	p-value	
GClass	<-	1			GClass	1	2	0.6566	1	0.42	
Variances	
y1			|	GClass	GClass	1	2	94.1469	1	2.9e-22	
y2			|	GClass	GClass	1	2	108.7081	1	1.9e-25	
Profile
 	GClass	 	 	 	 	 	
 	1	s.e.	2	s.e.	Overall	s.e.	
Size	0.4617	0.0471	0.5383	0.0471	 	 	
y1	 	
Mean	0.4935	0.0571	0.4935	0.0571	0.4935	0.0571	
y2	 	
Mean	-0.6351	0.0535	-0.6351	0.0535	-0.6351	0.0535	
EstimatedValues-Model
 	GClass	
 	1	s.e.	2	s.e.	
 	0.4617	0.0471	0.5383	0.0471	
	
 	y1	
GClass	Mean	s.e.	 	 	
1	0.4935	0.0571	 	 	
2	0.4935	0.0571	 	 	
	
 	y2	
GClass	Mean	s.e.	 	 	
1	-0.6351	0.0535	 	 	
2	-0.6351	0.0535	 	 	
