c09_step1_posteriors.txt
File name:	c09_step1_posteriors.txt	
File size:	62313 bytes  600 records	
File date:	2026-Sep-22 9:09:36 PM	
Syntax:	c09_distal_bch.lgs	
		LL	BIC(LL)	AIC(LL)	AIC3(LL)	Npar	Max. BVR	
c09_distal_bch	2-Cluster	-1962.8293	3951.2464	3933.6587	3937.6587	4	0.0000	
c09_distal_bch - LL = -1962.8293
2-Cluster Syntax Model	
					
Number of cases	600				
Number of parameters (Npar)	4				
Activated Constraints	0				
Random Seed	20260922				
Best Start Seed	20260922				
					
Log-likelihood Statistics					
Log-likelihood (LL)	-1962.8293				
Log-prior	0.0000				
Log-posterior	-1962.8293				
BIC (based on LL)	3951.2464				
AIC (based on LL)	3933.6587				
AIC3 (based on LL)	3937.6587				
CAIC (based on LL)	3955.2464				
SABIC (based on LL)	3938.5475				
					
					
Classification Statistics	Cluster				
Classification errors	0.0050				
Reduction of errors (Lambda)	0.9878				
Entropy R-squared	0.9832				
Standard R-squared	0.9860				
Classification log-likelihood	-1969.6623				
Entropy	6.8330				
CLC	3939.3246				
AWE	4002.5001				
ICL-BIC	3964.9124				
					
Cluster  Classification Table	Modal				
Latent	1	2	Total		
1	376.7304	1.8367	378.5671		
2	1.5873	297.5989	299.1862		
Total	378.3176	299.4356	677.7532		
					
Cluster  Classification Table	Proportional				
Latent	1	2	Total		
1	376.2569	2.3101	378.5671		
2	2.3101	296.8761	299.1862		
Total	378.5671	299.1862	677.7532		
					
Files					
Infile	C:\lgkit\c09_step1_posteriors.txt	
					
Options					
threads	10				
algorithm					
tolerance	1e-10				
emtolerance	1e-08				
emiterations	5000				
nriterations	500				
algorithm	NR				
MstepNR	no				
startvalues					
seed	20260922				
sets	100				
tolerance	1e-05				
iterations	250				
bayes					
categorical	0				
variances	0				
latent	0				
poisson	0				
quadrature					
nodes	10				
missing	excludeall				
step3					
classification	modal				
adjustment	BCH				
simultaneous	no				
aggregate	no				
output					
parameters	first				
standard errors	standard				
bivariate residuals	marginal				
identification	no				
validation LL	no				
sample size BIC	     600				
predictionstatistics	no				
					
Variable Detail					
Latent					
Cluster	Nominal	Case	2		
 					
Variables					
distal	Continuous				
Syntax
options
   maxthreads=all;
   algorithm
      tolerance=1e-010 emtolerance=1e-008 emiterations=5000 nriterations=500;
   startvalues
      seed=20260922 sets=100 tolerance=1e-005 iterations=250;
   bayes
      categorical=0 variances=0 latent=0 poisson=0;
   missing excludeall;
   step3 modal bch;
   output
      parameters=first standarderrors profile probmeans=posterior
      bivariateresiduals estimatedvalues=model;
variables
   dependent distal continuous;
   latent Cluster nominal posterior = ( Cluster#1 Cluster#2 );
equations
   Cluster <- 1;
   distal <- 1 + Cluster;
Parameters
Regression Parameters	
term	coef	s.e.	z-value	p-value	Wald(0)	df	p-value	
Cluster(1)	<-	1	0.0000	.	.	.	19.4124	1	1.1e-5	
Cluster(2)	<-	1	-0.3658	0.0830	-4.4059	1.1e-5				
										
distal	<-	1	0.1627	0.0875	1.8596	0.063	3.4582	1	0.063	
distal	<-	Cluster(1)	0.0000	.	.	.	5701.1907	1	1.1e-1240	
distal	<-	Cluster(2)	10.3251	0.1367	75.5062	1.1e-1240				
	
Variances	
term	coef	s.e.	z-value	p-value	Wald(0)	df	p-value	
distal			2.7131	0.1566	17.3205	3.3e-67	300.0000	1	3.3e-67	
Paired Comparisons
Paired Comparisons	
term	comparison	Wald	df	p-value	
Cluster	<-	1	Cluster	1	2	19.4124	1	1.1e-5	
	
distal	<-	 Cluster	Cluster	1	2	5701.1907	1	1.1e-1240	
Profile
 	Cluster	 	 	 	 	 	
 	1	s.e.	2	s.e.	Overall	s.e.	
Size	0.5904	0.0201	0.4096	0.0201	 	 	
distal	 	
Mean	0.1627	0.0875	10.4878	0.1051	4.3915	0.2179	
ProbMeans-Posterior
	Cluster		
	1	2	
Overall	0.5904	0.4096	
Variables			
distal			
-6.334 - -0.664	1.0750	-0.0750	
-0.648 - 1.114	1.0013	-0.0013	
1.123 - 7.113	0.8327	0.1673	
7.297 - 10.28	0.0110	0.9890	
10.28 - 16.10	0.0321	0.9679	
Bivariate Residuals
Dependent	distal	Cluster_Modal	
distal	.		
Cluster_Modal	0.0000	.	
EstimatedValues-Model
 	Cluster	
 	1	s.e.	2	s.e.	
 	0.5904	0.0201	0.4096	0.0201	
	
 	distal	
Cluster	Mean	s.e.	 	 	
1	0.1627	0.0875	 	 	
2	10.4878	0.1051	 	 	
	
 	Cluster_Modal	
Cluster	Cluster#1	s.e.	Cluster#2	s.e.	
1	0.9073	.	0.0927	.	
2	0.1163	.	0.8837	.	
