o02.dat
File name:	o02.dat	
File size:	8928 bytes  900 records	
File date:	2026-Oct-01 7:08:23 PM	
Syntax:	o02.lgs	
		LL	BIC(LL)	AIC(LL)	AIC3(LL)	Npar	L²	df	p-value	Class.Err.	Entropy R²	
o02	3-Cluster	-4007.0573	8116.1504	8044.1145	8059.1145	15	198.6686	209	0.69	0.1358	0.6849	
o02 - L² = 198.6686
3-Cluster Syntax Model	
						
Number of cases	900					
Number of parameters (Npar)	15					
Random Seed	20261001					
Best Start Seed	1249222					
						
Chi-squared Statistics						
Degrees of freedom (df)	209	p-value				
L-squared (L²)	198.6686	0.69				
X-squared	192.0740	0.79				
Cressie-Read	184.9814	0.88				
BIC (based on L²)	-1223.0319					
AIC (based on L²)	-219.3314					
AIC3 (based on L²)	-428.3314					
CAIC (based on L²)	-1432.0319					
SABIC (based on L²)	-559.2826					
Dissimilarity Index	0.1444	 				
						
Log-likelihood Statistics						
Log-likelihood (LL)	-4007.0573					
Log-prior	0.0000					
Log-posterior	-4007.0573					
BIC (based on LL)	8116.1504					
AIC (based on LL)	8044.1145					
AIC3 (based on LL)	8059.1145					
CAIC (based on LL)	8131.1504					
SABIC (based on LL)	8068.5129					
						
						
Classification Statistics	Cluster					
Classification errors	0.1358					
Reduction of errors (Lambda)	0.7757					
Entropy R-squared	0.6849					
Standard R-squared	0.6956					
Classification log-likelihood	-4311.6233					
Entropy	304.5661					
CLC	8623.2466					
AWE	8872.3185					
ICL-BIC	8725.2826					
						
Cluster  Classification Table	Modal					
Latent	1	2	3	Total		
1	180.1260	2.3876	26.5703	209.0839		
2	0.7902	310.1436	24.9352	335.8691		
3	23.0838	44.4688	287.4945	355.0471		
Total	204.0000	357.0000	339.0000	900.0000		
						
Cluster  Classification Table	Proportional					
Latent	1	2	3	Total		
1	169.8181	3.3966	35.8692	209.0839		
2	3.3966	282.5374	49.9351	335.8691		
3	35.8692	49.9351	269.2427	355.0471		
Total	209.0839	335.8691	355.0471	900.0000		
						
Files						
Infile	C:\lgordinal\o02.dat	
						
Options						
threads	10					
algorithm						
tolerance	1e-12					
emtolerance	1e-10					
emiterations	5000					
nriterations	500					
algorithm	NR					
MstepNR	no					
startvalues						
seed	20261001					
sets	50					
tolerance	1e-05					
iterations	250					
bayes						
categorical	0					
variances	0					
latent	0					
poisson	0					
quadrature						
nodes	10					
missing	excludeall					
output						
parameters	first					
standard errors	standard					
identification	no					
validation LL	no					
sample size BIC	     900					
predictionstatistics	no					
outfile						
file name	o02_posteriors.txt	
classification	posterior					
prediction	no					
simulation	no					
seed	0					
individualcoefficients	no					
logdensities	no					
id	no					
						
Variable Detail						
Latent						
Cluster	Nominal	Case	3			
 						
Dependent						
o1	Ord-Fixed	3				
1	1	1				
2	2	2				
3	3	3				
o2	Ord-Fixed	5				
1	1	1				
2	2	2				
3	3	3				
4	4	4				
5	5	5				
k	Count					
Syntax
options
   maxthreads=all;
   algorithm
      tolerance=1e-012 emtolerance=1e-010 emiterations=5000 nriterations=500;
   startvalues
      seed=20261001 sets=50 tolerance=1e-005 iterations=250;
   bayes
      categorical=0 variances=0 latent=0 poisson=0;
   missing excludeall;
   output
      parameters=first standarderrors profile;
   outfile 'o02_posteriors.txt' classification keep id;
variables
   dependent o1 ordinal, o2 ordinal, k poisson;
   latent Cluster nominal 3;
equations
   Cluster <- 1;
   o1 <- 1 + Cluster;
   o2 <- 1 + Cluster;
   k <- 1 + Cluster;
Parameters
Regression Parameters	
term	coef	s.e.	z-value	p-value	Wald(0)	df	p-value	
Cluster(1)	<-	1	0.0000	.	.	.	19.7501	2	5.1e-5	
Cluster(2)	<-	1	0.4740	0.1199	3.9535	7.7e-5				
Cluster(3)	<-	1	0.5295	0.1548	3.4201	0.00063				
										
o1(1)	<-	1	0.0000	.	.	.	54.3389	2	1.6e-12	
o1(2)	<-	1	0.2495	0.1260	1.9797	0.048				
o1(3)	<-	1	-0.6250	0.2226	-2.8073	0.0050				
o1	<-	Cluster(1)	0.0000	.	.	.	82.9035	2	9.9e-19	
o1	<-	Cluster(2)	1.6137	0.1777	9.0799	1.1e-19				
o1	<-	Cluster(3)	0.6333	0.1556	4.0704	4.7e-5				
										
o2(1)	<-	1	0.0000	.	.	.	85.1692	4	1.4e-17	
o2(2)	<-	1	0.7805	0.1495	5.2196	1.8e-7				
o2(3)	<-	1	0.0891	0.1981	0.4497	0.65				
o2(4)	<-	1	-0.6869	0.2547	-2.6970	0.0070				
o2(5)	<-	1	-1.5894	0.3784	-4.2002	2.7e-5				
o2	<-	Cluster(1)	0.0000	.	.	.	71.6897	2	2.7e-16	
o2	<-	Cluster(2)	-0.9474	0.1671	-5.6704	1.4e-8				
o2	<-	Cluster(3)	0.8983	0.1720	5.2219	1.8e-7				
										
k	<-	1	1.8549	0.0400	46.3828	1.2e-469	2151.3685	1	1.2e-469	
k	<-	Cluster(1)	0.0000	.	.	.	521.6363	2	5.3e-114	
k	<-	Cluster(2)	-2.8313	0.1622	-17.4586	3.0e-68				
k	<-	Cluster(3)	-1.2078	0.0632	-19.1031	2.4e-81				
Paired Comparisons
Paired Comparisons	
term	comparison	Wald	df	p-value	
Cluster	<-	1	Cluster	1	2	15.6298	1	7.7e-5	
			Cluster	1	3	11.6973	1	0.00063	
			Cluster	2	3	0.1298	1	0.72	
	
o1	<-	 Cluster	Cluster	1	2	82.4437	1	1.1e-19	
			Cluster	1	3	16.5681	1	4.7e-5	
			Cluster	2	3	35.0139	1	3.3e-9	
	
o2	<-	 Cluster	Cluster	1	2	32.1532	1	1.4e-8	
			Cluster	1	3	27.2685	1	1.8e-7	
			Cluster	2	3	71.4963	1	2.8e-17	
	
k	<-	 Cluster	Cluster	1	2	304.8030	1	3.0e-68	
			Cluster	1	3	364.9281	1	2.4e-81	
			Cluster	2	3	107.8719	1	2.9e-25	
Profile
 	Cluster	 	 	 	 	 	 	 	
 	1	s.e.	2	s.e.	3	s.e.	Overall	s.e.	
Size	0.2323	0.0206	0.3732	0.0283	0.3945	0.0341	 	 	
o1	 	
1	0.3548	0.0335	0.0478	0.0105	0.1881	0.0220	0.1744	0.0126	
2	0.4553	0.0200	0.3078	0.0228	0.4547	0.0201	0.4000	0.0163	
3	0.1899	0.0265	0.6445	0.0309	0.3572	0.0292	0.4256	0.0165	
Mean	1.8351	0.0570	2.5967	0.0402	2.1691	0.0476	2.2511	0.0244	
o2	 	
1	0.2007	0.0264	0.4891	0.0347	0.0360	0.0133	0.2433	0.0143	
2	0.4380	0.0264	0.4139	0.0227	0.1927	0.0329	0.3322	0.0157	
3	0.2194	0.0197	0.0804	0.0156	0.2370	0.0182	0.1744	0.0126	
4	0.1010	0.0166	0.0143	0.0054	0.2678	0.0280	0.1344	0.0114	
5	0.0410	0.0128	0.0023	0.0013	0.2667	0.0314	0.1156	0.0107	
Mean	2.3435	0.0894	1.6267	0.0594	3.5365	0.1287	2.5467	0.0434	
k	 	
Mean	6.3914	0.2556	0.3767	0.0573	1.9100	0.1171	2.3789	0.0925	
