o03.dat
File name:	o03.dat	
File size:	4703 bytes  600 records	
File date:	2026-Oct-01 7:08:23 PM	
Syntax:	o03.lgs	
		LL	BIC(LL)	AIC(LL)	AIC3(LL)	Npar	L²	df	p-value	Class.Err.	Entropy R²	
o03	2-Cluster	-2212.0996	4456.1839	4434.1992	4439.1992	5	67.9287	137	1.00	0.0807	0.7056	
o03 - L² = 67.9287
2-Cluster Syntax Model	
					
Number of cases	600				
Number of parameters (Npar)	5				
Random Seed	20261001				
Best Start Seed	1151870				
					
Chi-squared Statistics					
Degrees of freedom (df)	137	p-value			
L-squared (L²)	67.9287	1.00			
X-squared	65.8982	1.00			
Cressie-Read	64.7939	1.00			
BIC (based on L²)	-808.4507				
AIC (based on L²)	-206.0713				
AIC3 (based on L²)	-343.0713				
CAIC (based on L²)	-945.4507				
SABIC (based on L²)	-373.5132				
Dissimilarity Index	0.1209	 			
					
Log-likelihood Statistics					
Log-likelihood (LL)	-2212.0996				
Log-prior	0.0000				
Log-posterior	-2212.0996				
BIC (based on LL)	4456.1839				
AIC (based on LL)	4434.1992				
AIC3 (based on LL)	4439.1992				
CAIC (based on LL)	4461.1839				
SABIC (based on LL)	4440.3103				
					
					
Classification Statistics	Cluster				
Classification errors	0.0807				
Reduction of errors (Lambda)	0.8193				
Entropy R-squared	0.7056				
Standard R-squared	0.7571				
Classification log-likelihood	-2333.5310				
Entropy	121.4313				
CLC	4667.0619				
AWE	4746.0312				
ICL-BIC	4699.0466				
					
Cluster  Classification Table	Modal				
Latent	1	2	Total		
1	241.2999	26.7189	268.0189		
2	21.7001	310.2811	331.9811		
Total	263.0000	337.0000	600.0000		
					
Cluster  Classification Table	Proportional				
Latent	1	2	Total		
1	232.0006	36.0182	268.0189		
2	36.0182	295.9629	331.9811		
Total	268.0189	331.9811	600.0000		
					
Files					
Infile	C:\lgordinal\o03.dat	
					
Options					
threads	10				
algorithm					
tolerance	1e-12				
emtolerance	1e-10				
emiterations	5000				
nriterations	500				
algorithm	NR				
MstepNR	no				
startvalues					
seed	20261001				
sets	50				
tolerance	1e-05				
iterations	250				
bayes					
categorical	0				
variances	0				
latent	0				
poisson	0				
quadrature					
nodes	10				
missing	excludeall				
output					
parameters	first				
standard errors	standard				
identification	no				
validation LL	no				
sample size BIC	     600				
predictionstatistics	no				
outfile					
file name	o03_posteriors.txt	
classification	posterior				
prediction	no				
simulation	no				
seed	0				
individualcoefficients	no				
logdensities	no				
id	no				
					
Variable Detail					
Latent					
Cluster	Nominal	Case	2		
 					
Dependent					
k1	Count				
k2	Count				
Syntax
options
   maxthreads=all;
   algorithm
      tolerance=1e-012 emtolerance=1e-010 emiterations=5000 nriterations=500;
   startvalues
      seed=20261001 sets=50 tolerance=1e-005 iterations=250;
   bayes
      categorical=0 variances=0 latent=0 poisson=0;
   missing excludeall;
   output
      parameters=first standarderrors profile;
   outfile 'o03_posteriors.txt' classification keep id;
variables
   dependent k1 poisson, k2 poisson;
   latent Cluster nominal 2;
equations
   Cluster <- 1;
   k1 <- 1 + Cluster;
   k2 <- 1 + Cluster;
Parameters
Regression Parameters	
term	coef	s.e.	z-value	p-value	Wald(0)	df	p-value	
Cluster(1)	<-	1	0.0000	.	.	.	3.8110	1	0.051	
Cluster(2)	<-	1	0.2140	0.1096	1.9522	0.051				
										
k1	<-	1	1.4613	0.0369	39.5660	2.3e-342	1565.4708	1	2.3e-342	
k1	<-	Cluster(1)	0.0000	.	.	.	429.3662	1	2.2e-95	
k1	<-	Cluster(2)	-1.6021	0.0773	-20.7212	2.2e-95				
										
k2	<-	1	-0.0938	0.0772	-1.2142	0.22	1.4742	1	0.22	
k2	<-	Cluster(1)	0.0000	.	.	.	188.9220	1	5.5e-43	
k2	<-	Cluster(2)	1.1430	0.0832	13.7449	5.5e-43				
Paired Comparisons
Paired Comparisons	
term	comparison	Wald	df	p-value	
Cluster	<-	1	Cluster	1	2	3.8110	1	0.051	
	
k1	<-	 Cluster	Cluster	1	2	429.3662	1	2.2e-95	
	
k2	<-	 Cluster	Cluster	1	2	188.9220	1	5.5e-43	
Profile
 	Cluster	 	 	 	 	 	
 	1	s.e.	2	s.e.	Overall	s.e.	
Size	0.4467	0.0271	0.5533	0.0271	 	 	
k1	 	
Mean	4.3117	0.1592	0.8687	0.0678	2.4067	0.0943	
k2	 	
Mean	0.9105	0.0703	2.8555	0.1039	1.9867	0.0698	
