o07.dat
File name:	o07.dat	
File size:	7966 bytes  1000 records	
File date:	2026-Oct-01 10:13:36 PM	
Syntax:	o07.lgs	
		LL	BIC(LL)	AIC(LL)	AIC3(LL)	Npar	L²	df	p-value	Class.Err.	Entropy R²	
o07	2-Cluster	-3624.9501	7305.1622	7265.9002	7273.9002	8	87.7212	103	0.86	0.0480	0.8255	
o07 - L² = 87.7212
2-Cluster Syntax Model	
Estimation Warnings! See Iteration Detail	
					
Number of cases	1000				
Number of parameters (Npar)	8				
Activated Constraints	0				
Random Seed	20261001				
Best Start Seed	2213340				
					
Chi-squared Statistics					
Degrees of freedom (df)	103	p-value			
L-squared (L²)	87.7212	0.86			
X-squared	121.2532	0.11			
Cressie-Read	98.4850	0.61			
BIC (based on L²)	-623.7776				
AIC (based on L²)	-118.2788				
AIC3 (based on L²)	-221.2788				
CAIC (based on L²)	-726.7776				
SABIC (based on L²)	-296.6439				
Dissimilarity Index	0.0880	 			
					
Log-likelihood Statistics					
Log-likelihood (LL)	-3624.9501				
Log-prior	0.0000				
Log-posterior	-3624.9501				
BIC (based on LL)	7305.1622				
AIC (based on LL)	7265.9002				
AIC3 (based on LL)	7273.9002				
CAIC (based on LL)	7313.1622				
SABIC (based on LL)	7279.7538				
					
					
Classification Statistics	Cluster				
Classification errors	0.0480				
Reduction of errors (Lambda)	0.9002				
Entropy R-squared	0.8255				
Standard R-squared	0.8498				
Classification log-likelihood	-3745.7592				
Entropy	120.8091				
CLC	7491.5184				
AWE	7626.0425				
ICL-BIC	7546.7805				
					
Cluster  Classification Table	Modal				
Latent	1	2	Total		
1	437.5858	43.6333	481.2191		
2	4.4142	514.3667	518.7809		
Total	442.0000	558.0000	1000.0000		
					
Cluster  Classification Table	Proportional				
Latent	1	2	Total		
1	443.7180	37.5011	481.2191		
2	37.5011	481.2797	518.7809		
Total	481.2191	518.7809	1000.0000		
					
Files					
Infile	C:\lgordinal\o07.dat	
					
Options					
threads	10				
algorithm					
tolerance	1e-12				
emtolerance	1e-10				
emiterations	5000				
nriterations	500				
algorithm	NR				
MstepNR	no				
startvalues					
seed	20261001				
sets	50				
tolerance	1e-05				
iterations	250				
bayes					
categorical	0				
variances	0				
latent	0				
poisson	0				
quadrature					
nodes	10				
missing	excludeall				
output					
parameters	first				
standard errors	standard				
identification	no				
validation LL	no				
sample size BIC	    1000				
predictionstatistics	no				
outfile					
file name	o07_posteriors.txt	
classification	posterior				
prediction	no				
simulation	no				
seed	0				
individualcoefficients	no				
logdensities	no				
id	no				
					
Variable Detail					
Latent					
Cluster	Nominal	Case	2		
 					
Dependent					
o	Ord-Fixed	4			
1	1	1			
2	2	2			
3	3	3			
4	4	4			
k	Count				
Syntax
options
   maxthreads=all;
   algorithm
      tolerance=1e-012 emtolerance=1e-010 emiterations=5000 nriterations=500;
   startvalues
      seed=20261001 sets=50 tolerance=1e-005 iterations=250;
   bayes
      categorical=0 variances=0 latent=0 poisson=0;
   missing excludeall;
   output
      parameters=first standarderrors profile;
   outfile 'o07_posteriors.txt' classification keep id;
variables
   dependent o ordinal, k poisson overdispersed;
   latent Cluster nominal 2;
equations
   Cluster <- 1;
   o <- 1 + Cluster;
   k <- 1 + Cluster;
   k;
Parameters
Regression Parameters	
term	coef	s.e.	z-value	p-value	Wald(0)	df	p-value	
Cluster(1)	<-	1	0.0000	.	.	.	0.5522	1	0.46	
Cluster(2)	<-	1	0.0752	0.1011	0.7431	0.46				
										
o(1)	<-	1	0.0000	.	.	.	32499.6386	3	8.9e-7056	
o(2)	<-	1	0.4761	0.0994	4.7883	1.7e-6				
o(3)	<-	1	-1.1254	0.4023	-2.7976	0.0052				
o(4)	<-	1	-18.4097	0.4925	-37.3785	8.7e-306				
o	<-	Cluster(1)	0.0000	.	.	.	0.0003	1	0.99	
o	<-	Cluster(2)	17.5606	1000.0000	0.0176	0.99				
										
k	<-	1	1.5100	0.0455	33.2196	5.6e-242	1103.5417	1	5.6e-242	
k	<-	Cluster(1)	0.0000	.	.	.	116.0863	1	4.6e-27	
k	<-	Cluster(2)	-0.7855	0.0729	-10.7743	4.6e-27				
	
Variances	
term	coef	s.e.	z-value	p-value	Wald(0)	df	p-value	
k			0.6806	0.0511	13.3088	2.1e-40	177.1246	1	2.1e-40	
Paired Comparisons
Paired Comparisons	
term	comparison	Wald	df	p-value	
Cluster	<-	1	Cluster	1	2	0.5522	1	0.46	
	
o	<-	 Cluster	Cluster	1	2	0.0003	1	0.99	
	
k	<-	 Cluster	Cluster	1	2	116.0863	1	4.6e-27	
Profile
 	Cluster	 	 	 	 	 	
 	1	s.e.	2	s.e.	Overall	s.e.	
Size	0.4812	0.0252	0.5188	0.0252	 	 	
o	 	
1	0.3408	0.0257	0.0000	0.0000	0.1640	0.0117	
2	0.5486	0.0319	0.0000	0.0001	0.2640	0.0139	
3	0.1106	0.0391	0.4314	245.2884	0.2770	127.2509	
4	0.0000	0.0000	0.5686	245.2885	0.2950	127.2510	
Mean	1.7698	0.0580	3.5686	245.2885	2.7030	127.2510	
k	 	
Mean	4.5267	0.2058	2.0638	0.1191	3.2490	0.1139	
Iteration Detail
   Starting set        log-posterior             L-squared            seed
              2     -3626.0494548258         89.9199129401         2163738
              1     -3626.2340109536         90.2890251958        20261001
              3     -3625.8020805818         89.4251644520           10621
              6     -3625.4617822649         88.7445678183          333464
              8     -3625.9273675818         89.6757384522         1636935
              9     -3626.0758148303         89.9726329492          564344
              4     -3626.2414764576         90.3039562037         1817799
              5     -3626.9994152928         91.8198338740         1476359
             10     -3626.5541183171         90.9292399227         2245749
              7     -3627.3468903943         92.5147840771         2649942
             13     -3625.6017919142         89.0245871168         1829749
             11     -3626.4821872005         90.7853776895         1251366
             16     -3627.1972566122         92.2155165128         1148013
             12     -3625.9934601179         89.8079235242          495315
             19     -3626.0108411715         89.8426856314         1128265
             14     -3626.3282847641         90.4775728167         2377315
             15     -3626.9201824070         91.6613681025         2657535
             17     -3626.3059500786         90.4329034457         2614099
             18     -3626.1201157943         90.0612348771         1867917
             23     -3625.6113513951         89.0437060787          637338
             21     -3626.5193376061         90.8596785007         1288179
             20     -3626.2975390037         90.4160812960         2165550
             22     -3626.0466415789         89.9142864464          164311
             25     -3625.2393330632         88.2996694149         2213340
             24     -3626.1889736711         90.1989506308         1539368
             26     -3625.8379758162         89.4969549209         2298619
             30     -3626.7941055076         91.4092143038         2361585
             29     -3626.1108491871         90.0427016627         2020337
             28     -3626.0549460571         89.9308954027          730016
             27     -3625.6182912381         89.0575857647         2689265
             31     -3625.8546748018         89.5303528922          128477
             32     -3626.4295118894         90.6800270673         1682387
             35     -3625.7543285043         89.3296602971         2124270
             34     -3625.6995313972         89.2200660829         1175128
             33     -3626.4042923129         90.6295879143          339934
             36     -3626.5948018646         91.0106070177         2460314
             40     -3625.9738543834         89.7687120554          606633
             37     -3625.6786278299         89.1782589484         1755462
             39     -3625.9714507861         89.7639048608         1374131
             43     -3626.3843144932         90.5896322750          839187
             50     -3626.1934740670         90.2079514224         2470955
             45     -3625.9765138604         89.7740310093         1383984
             41     -3625.4012883499         88.6235799882         2139940
             49     -3626.9596227166         91.7402487218         1617774
             38     -3626.7425649815         91.3061332514         1625783
             46     -3625.7649899372         89.3509831628         1816068
             42     -3626.7447217601         91.3104468086          613880
             47     -3625.5564540393         88.9339113670         2191031
             48     -3626.7992000086         91.4194033056         2621501
             44     -3625.8170828097         89.4551689079          460466
              1     -3625.0735818125         87.9681669135         2213340
              2     -3625.0864320840         87.9938674565         2139940
              3     -3625.1212422908         88.0634878701          333464
              4     -3625.1947568144         88.2105169172         2191031
              5     -3625.1473366060         88.1156765005         1829749
   Iteration           log-posterior             L-squared       criterion
              0     -3625.0735818125         87.9681669135
   EM         5     -3625.0727305049         87.9664642983      0.00175736
   EM        10     -3625.0719439025         87.9648910936      0.00174290
   EM        15     -3625.0711662478         87.9633357841      0.00172851
   EM        20     -3625.0703973466         87.9617979816      0.00171435
   EM        25     -3625.0696370381         87.9602773646      0.00170041
   EM        30     -3625.0688851706         87.9587736298      0.00168668
   EM        35     -3625.0681415993         87.9572864872      0.00167314
   EM        40     -3625.0674061851         87.9558156587      0.00165979
   EM        45     -3625.0666787941         87.9543608766      0.00164663
   EM        50     -3625.0659592972         87.9529218829      0.00163364
   EM        55     -3625.0652475697         87.9514984279      0.00162084
   EM        60     -3625.0645434907         87.9500902698      0.00160821
   EM        65     -3625.0638469425         87.9486971736      0.00159574
   EM        70     -3625.0631578111         87.9473189107      0.00158345
   EM        75     -3625.0624759850         87.9459552584      0.00157131
   EM        80     -3625.0618013555         87.9446059996      0.00155934
   EM        85     -3625.0611338167         87.9432709220      0.00154752
   EM        90     -3625.0604732649         87.9419498182      0.00153585
   EM        95     -3625.0598195985         87.9406424855      0.00152434
   EM       100     -3625.0591727183         87.9393487250      0.00151297
   EM       105     -3625.0585325269         87.9380683424      0.00150175
   EM       110     -3625.0578989291         87.9368011467      0.00149067
   EM       115     -3625.0572718313         87.9355469511      0.00147973
   EM       120     -3625.0566511418         87.9343055721      0.00146893
   EM       125     -3625.0560367707         87.9330768298      0.00145826
   EM       130     -3625.0554286295         87.9318605475      0.00144773
   EM       135     -3625.0548266316         87.9306565517      0.00143732
   EM       140     -3625.0542306919         87.9294646722      0.00142704
   EM       145     -3625.0536407266         87.9282847417      0.00141689
   EM       150     -3625.0530566537         87.9271165959      0.00140686
   EM       155     -3625.0524783924         87.9259600734      0.00139696
   EM       160     -3625.0519058635         87.9248150155      0.00138717
   EM       165     -3625.0513389889         87.9236812663      0.00137750
   EM       170     -3625.0507776921         87.9225586727      0.00136794
   EM       175     -3625.0502218978         87.9214470841      0.00135850
   EM       180     -3625.0496715319         87.9203463523      0.00134917
   EM       185     -3625.0491265217         87.9192563319      0.00133995
   EM       190     -3625.0485867956         87.9181768798      0.00133084
   EM       195     -3625.0480522833         87.9171078551      0.00132183
   EM       200     -3625.0475229156         87.9160491197      0.00131293
   EM       205     -3625.0469986244         87.9150005373      0.00130412
   EM       210     -3625.0464793428         87.9139619742      0.00129543
   EM       215     -3625.0459650051         87.9129332987      0.00128683
   EM       220     -3625.0454555464         87.9119143813      0.00127832
   EM       225     -3625.0449509032         87.9109050948      0.00126992
   EM       230     -3625.0444510127         87.9099053138      0.00126160
   EM       235     -3625.0439558133         87.9089149151      0.00125339
   EM       240     -3625.0434652444         87.9079337774      0.00124526
   EM       245     -3625.0429792464         87.9069617814      0.00123722
   EM       250     -3625.0424977606         87.9059988097      0.00122928
   EM       255     -3625.0420207292         87.9050447469      0.00122142
   EM       260     -3625.0415480953         87.9040994792      0.00121364
   EM       265     -3625.0410798032         87.9031628948      0.00120595
   EM       270     -3625.0406157976         87.9022348837      0.00119835
   EM       275     -3625.0401560245         87.9013153376      0.00119082
   EM       280     -3625.0397004306         87.9004041497      0.00118338
   EM       285     -3625.0392489633         87.8995012151      0.00117602
   EM       290     -3625.0388015711         87.8986064306      0.00116873
   EM       295     -3625.0383582030         87.8977196945      0.00116153
   EM       300     -3625.0379188091         87.8968409066      0.00115440
   EM       305     -3625.0374833400         87.8959699685      0.00114734
   EM       310     -3625.0370517473         87.8951067830      0.00114036
   EM       315     -3625.0366239831         87.8942512548      0.00113345
   EM       320     -3625.0362000006         87.8934032897      0.00112661
   EM       325     -3625.0357797533         87.8925627951      0.00111985
   EM       330     -3625.0353631957         87.8917296800      0.00111315
   EM       335     -3625.0349502829         87.8909038544      0.00110653
   EM       340     -3625.0345409707         87.8900852299      0.00109997
   EM       345     -3625.0341352156         87.8892737196      0.00109347
   EM       350     -3625.0337329746         87.8884692376      0.00108705
   EM       355     -3625.0333342055         87.8876716995      0.00108069
   EM       360     -3625.0329388668         87.8868810221      0.00107439
   EM       365     -3625.0325469175         87.8860971234      0.00106815
   EM       370     -3625.0321583172         87.8853199228      0.00106198
   EM       375     -3625.0317730261         87.8845493408      0.00105587
   EM       380     -3625.0313910052         87.8837852989      0.00104982
   EM       385     -3625.0310122158         87.8830277201      0.00104383
   EM       390     -3625.0306366199         87.8822765283      0.00103790
   EM       395     -3625.0302641801         87.8815316487      0.00103202
   EM       400     -3625.0298948595         87.8807930075      0.00102621
   EM       405     -3625.0295286217         87.8800605319      0.00102045
   EM       410     -3625.0291654309         87.8793341504      0.00101474
   EM       415     -3625.0288052519         87.8786137922      0.00100909
   EM       420     -3625.0284480497         87.8778993879      0.00100350
   EM       425     -3625.0280937902         87.8771908689      0.00099796
   EM       430     -3625.0277424396         87.8764881677      0.00099247
   EM       435     -3625.0273939645         87.8757912176      0.00098703
   EM       440     -3625.0270483322         87.8750999530      0.00098165
   EM       445     -3625.0267055103         87.8744143092      0.00097631
   EM       450     -3625.0263654670         87.8737342225      0.00097103
   EM       455     -3625.0260281708         87.8730596300      0.00096579
   EM       460     -3625.0256935907         87.8723904698      0.00096060
   EM       465     -3625.0253616961         87.8717266808      0.00095547
   EM       470     -3625.0250324571         87.8710682028      0.00095038
   EM       475     -3625.0247058439         87.8704149763      0.00094533
   EM       480     -3625.0243818273         87.8697669430      0.00094033
   EM       485     -3625.0240603783         87.8691240451      0.00093538
   EM       490     -3625.0237414686         87.8684862257      0.00093047
   EM       495     -3625.0234250701         87.8678534288      0.00092561
   EM       500     -3625.0231111552         87.8672255989      0.00092079
   EM       505     -3625.0227996965         87.8666026815      0.00091602
   EM       510     -3625.0224906672         87.8659846230      0.00091128
   EM       515     -3625.0221840408         87.8653713701      0.00090659
   EM       520     -3625.0218797911         87.8647628707      0.00090195
   EM       525     -3625.0215778923         87.8641590730      0.00089734
   EM       530     -3625.0212783189         87.8635599263      0.00089277
   EM       535     -3625.0209810459         87.8629653802      0.00088825
   EM       540     -3625.0206860485         87.8623753854      0.00088376
   EM       545     -3625.0203933023         87.8617898930      0.00087931
   EM       550     -3625.0201027831         87.8612088548      0.00087490
   EM       555     -3625.0198144674         87.8606322232      0.00087053
   EM       560     -3625.0195283315         87.8600599514      0.00086620
   EM       565     -3625.0192443524         87.8594919932      0.00086191
   EM       570     -3625.0189625072         87.8589283030      0.00085765
   EM       575     -3625.0186827735         87.8583688356      0.00085343
   EM       580     -3625.0184051291         87.8578135467      0.00084924
   EM       585     -3625.0181295520         87.8572623924      0.00084509
   EM       590     -3625.0178560205         87.8567153296      0.00084098
   EM       595     -3625.0175845135         87.8561723155      0.00083690
   EM       600     -3625.0173150098         87.8556333080      0.00083285
   EM       605     -3625.0170474886         87.8550982656      0.00082884
   EM       610     -3625.0167819294         87.8545671473      0.00082486
   EM       615     -3625.0165183121         87.8540399126      0.00082092
   EM       620     -3625.0162566165         87.8535165216      0.00081701
   EM       625     -3625.0159968231         87.8529969348      0.00081313
   EM       630     -3625.0157389124         87.8524811133      0.00080928
   EM       635     -3625.0154828651         87.8519690187      0.00080546
   EM       640     -3625.0152286623         87.8514606132      0.00080168
   EM       645     -3625.0149762854         87.8509558593      0.00079792
   EM       650     -3625.0147257158         87.8504547200      0.00079420
   EM       655     -3625.0144769352         87.8499571589      0.00079051
   EM       660     -3625.0142299258         87.8494631401      0.00078684
   EM       665     -3625.0139846697         87.8489726279      0.00078321
   EM       670     -3625.0137411494         87.8484855873      0.00077961
   EM       675     -3625.0134993476         87.8480019837      0.00077603
   EM       680     -3625.0132592471         87.8475217828      0.00077248
   EM       685     -3625.0130208312         87.8470449509      0.00076896
   EM       690     -3625.0127840831         87.8465714546      0.00076547
   EM       695     -3625.0125489863         87.8461012610      0.00076201
   EM       700     -3625.0123155246         87.8456343377      0.00075857
   EM       705     -3625.0120836820         87.8451706525      0.00075517
   EM       710     -3625.0118534426         87.8447101737      0.00075178
   EM       715     -3625.0116247907         87.8442528699      0.00074843
   EM       720     -3625.0113977109         87.8437987104      0.00074510
   EM       725     -3625.0111721880         87.8433476645      0.00074179
   EM       730     -3625.0109482068         87.8428997021      0.00073852
   EM       735     -3625.0107257524         87.8424547933      0.00073526
   EM       740     -3625.0105048102         87.8420129089      0.00073203
   EM       745     -3625.0102853656         87.8415740196      0.00072883
   EM       750     -3625.0100674042         87.8411380969      0.00072565
   EM       755     -3625.0098509119         87.8407051124      0.00072250
   EM       760     -3625.0096358747         87.8402750379      0.00071937
   EM       765     -3625.0094222787         87.8398478460      0.00071626
   EM       770     -3625.0092101103         87.8394235092      0.00071318
   EM       775     -3625.0089993560         87.8390020005      0.00071011
   EM       780     -3625.0087900024         87.8385832932      0.00070708
   EM       785     -3625.0085820363         87.8381673611      0.00070406
   EM       790     -3625.0083754448         87.8377541780      0.00070107
   EM       795     -3625.0081702149         87.8373437182      0.00069810
   EM       800     -3625.0079663339         87.8369359564      0.00069515
   EM       805     -3625.0077637894         87.8365308673      0.00069223
   EM       810     -3625.0075625688         87.8361284261      0.00068932
   EM       815     -3625.0073626599         87.8357286084      0.00068644
   EM       820     -3625.0071640506         87.8353313898      0.00068358
   EM       825     -3625.0069667290         87.8349367464      0.00068073
   EM       830     -3625.0067706831         87.8345446546      0.00067791
   EM       835     -3625.0065759012         87.8341550910      0.00067511
   EM       840     -3625.0063823719         87.8337680324      0.00067233
   EM       845     -3625.0061900837         87.8333834559      0.00066957
   EM       850     -3625.0059990253         87.8330013391      0.00066683
   EM       855     -3625.0058091855         87.8326216595      0.00066411
   EM       860     -3625.0056205533         87.8322443951      0.00066141
   EM       865     -3625.0054331178         87.8318695241      0.00065873
   EM       870     -3625.0052468682         87.8314970250      0.00065607
   EM       875     -3625.0050617939         87.8311268763      0.00065342
   EM       880     -3625.0048778843         87.8307590571      0.00065080
   EM       885     -3625.0046951290         87.8303935466      0.00064819
   EM       890     -3625.0045135178         87.8300303241      0.00064560
   EM       895     -3625.0043330404         87.8296693693      0.00064303
   EM       900     -3625.0041536868         87.8293106620      0.00064048
   EM       905     -3625.0039754470         87.8289541824      0.00063794
   EM       910     -3625.0037983112         87.8285999108      0.00063543
   EM       915     -3625.0036222697         87.8282478278      0.00063293
   EM       920     -3625.0034473128         87.8278979141      0.00063045
   EM       925     -3625.0032734311         87.8275501508      0.00062798
   EM       930     -3625.0031006152         87.8272045189      0.00062553
   EM       935     -3625.0029288558         87.8268610000      0.00062310
   EM       940     -3625.0027581436         87.8265195757      0.00062069
   EM       945     -3625.0025884696         87.8261802277      0.00061829
   EM       950     -3625.0024198248         87.8258429381      0.00061591
   EM       955     -3625.0022522003         87.8255076891      0.00061354
   EM       960     -3625.0020855874         87.8251744632      0.00061119
   EM       965     -3625.0019199772         87.8248432430      0.00060885
   EM       970     -3625.0017553613         87.8245140112      0.00060654
   EM       975     -3625.0015917312         87.8241867509      0.00060423
   EM       980     -3625.0014290783         87.8238614452      0.00060195
   EM       985     -3625.0012673945         87.8235380775      0.00059967
   EM       990     -3625.0011066714         87.8232166314      0.00059742
   EM       995     -3625.0009469010         87.8228970905      0.00059517
   EM      1000     -3625.0007880752         87.8225794388      0.00059295
   EM      1005     -3625.0006301860         87.8222636604      0.00059073
   EM      1010     -3625.0004732255         87.8219497395      0.00058853
   EM      1015     -3625.0003171860         87.8216376605      0.00058635
   EM      1020     -3625.0001620597         87.8213274079      0.00058418
   EM      1025     -3625.0000078391         87.8210189667      0.00058203
   EM      1030     -3624.9998545165         87.8207123216      0.00057988
   EM      1035     -3624.9997020846         87.8204074577      0.00057776
   EM      1040     -3624.9995505359         87.8201043603      0.00057564
   EM      1045     -3624.9993998631         87.8198030148      0.00057354
   EM      1050     -3624.9992500591         87.8195034066      0.00057146
   EM      1055     -3624.9991011166         87.8192055216      0.00056938
   EM      1060     -3624.9989530285         87.8189093455      0.00056732
   EM      1065     -3624.9988057879         87.8186148644      0.00056527
   EM      1070     -3624.9986593879         87.8183220643      0.00056324
   EM      1075     -3624.9985138216         87.8180309317      0.00056122
   EM      1080     -3624.9983690822         87.8177414528      0.00055921
   EM      1085     -3624.9982251629         87.8174536144      0.00055722
   EM      1090     -3624.9980820573         87.8171674030      0.00055523
   EM      1095     -3624.9979397586         87.8168828057      0.00055326
   EM      1100     -3624.9977982604         87.8165998092      0.00055130
   EM      1105     -3624.9976575562         87.8163184009      0.00054936
   EM      1110     -3624.9975176397         87.8160385678      0.00054742
   EM      1115     -3624.9973785045         87.8157602975      0.00054550
   EM      1120     -3624.9972401445         87.8154835775      0.00054359
   EM      1125     -3624.9971025534         87.8152083953      0.00054170
   EM      1130     -3624.9969657251         87.8149347387      0.00053981
   EM      1135     -3624.9968296536         87.8146625957      0.00053793
   EM      1140     -3624.9966943329         87.8143919543      0.00053607
   EM      1145     -3624.9965597571         87.8141228026      0.00053422
   EM      1150     -3624.9964259202         87.8138551289      0.00053238
   EM      1155     -3624.9962928165         87.8135889216      0.00053055
   EM      1160     -3624.9961604403         87.8133241691      0.00052873
   EM      1165     -3624.9960287858         87.8130608601      0.00052692
   EM      1170     -3624.9958978474         87.8127989832      0.00052513
   EM      1175     -3624.9957676195         87.8125385275      0.00052334
   EM      1180     -3624.9956380966         87.8122794817      0.00052157
   EM      1185     -3624.9955092732         87.8120218350      0.00051980
   EM      1190     -3624.9953811440         87.8117655765      0.00051805
   EM      1195     -3624.9952537035         87.8115106955      0.00051631
   EM      1200     -3624.9951269465         87.8112571814      0.00051457
   EM      1205     -3624.9950008676         87.8110050238      0.00051285
   EM      1210     -3624.9948754618         87.8107542121      0.00051114
   EM      1215     -3624.9947507238         87.8105047362      0.00050944
   EM      1220     -3624.9946266486         87.8102565857      0.00050775
   EM      1225     -3624.9945032311         87.8100097506      0.00050606
   EM      1230     -3624.9943804662         87.8097642209      0.00050439
   EM      1235     -3624.9942583491         87.8095199867      0.00050273
   EM      1240     -3624.9941368749         87.8092770382      0.00050108
   EM      1245     -3624.9940160386         87.8090353657      0.00049943
   EM      1250     -3624.9938958355         87.8087949595      0.00049780
   EM      1255     -3624.9937762608         87.8085558102      0.00049618
   EM      1260     -3624.9936573099         87.8083179083      0.00049456
   EM      1265     -3624.9935389780         87.8080812444      0.00049296
   EM      1270     -3624.9934212604         87.8078458094      0.00049136
   EM      1275     -3624.9933041527         87.8076115940      0.00048977
   EM      1280     -3624.9931876504         87.8073785892      0.00048820
   EM      1285     -3624.9930717488         87.8071467860      0.00048663
   EM      1290     -3624.9929564435         87.8069161755      0.00048507
   EM      1295     -3624.9928417302         87.8066867489      0.00048352
   EM      1300     -3624.9927276045         87.8064584975      0.00048197
   EM      1305     -3624.9926140620         87.8062314126      0.00048044
   EM      1310     -3624.9925010986         87.8060054856      0.00047892
   EM      1315     -3624.9923887098         87.8057807081      0.00047740
   EM      1320     -3624.9922768915         87.8055570716      0.00047589
   EM      1325     -3624.9921656397         87.8053345678      0.00047439
   EM      1330     -3624.9920549500         87.8051131886      0.00047290
   EM      1335     -3624.9919448186         87.8048929256      0.00047142
   EM      1340     -3624.9918352412         87.8046737709      0.00046995
   EM      1345     -3624.9917262139         87.8044557164      0.00046848
   EM      1350     -3624.9916177328         87.8042387541      0.00046702
   EM      1355     -3624.9915097939         87.8040228762      0.00046557
   EM      1360     -3624.9914023932         87.8038080749      0.00046413
   EM      1365     -3624.9912955270         87.8035943425      0.00046270
   EM      1370     -3624.9911891914         87.8033816713      0.00046127
   EM      1375     -3624.9910833826         87.8031700537      0.00045985
   EM      1380     -3624.9909780969         87.8029594823      0.00045844
   EM      1385     -3624.9908733305         87.8027499495      0.00045704
   EM      1390     -3624.9907690798         87.8025414480      0.00045565
   EM      1395     -3624.9906653410         87.8023339706      0.00045426
   EM      1400     -3624.9905621107         87.8021275099      0.00045288
   EM      1405     -3624.9904593851         87.8019220588      0.00045151
   EM      1410     -3624.9903571608         87.8017176102      0.00045014
   EM      1415     -3624.9902554342         87.8015141570      0.00044878
   EM      1420     -3624.9901542019         87.8013116922      0.00044743
   EM      1425     -3624.9900534603         87.8011102090      0.00044609
   EM      1430     -3624.9899532060         87.8009097005      0.00044475
   EM      1435     -3624.9898534357         87.8007101599      0.00044342
   EM      1440     -3624.9897541460         87.8005115804      0.00044210
   EM      1445     -3624.9896553335         87.8003139554      0.00044079
   EM      1450     -3624.9895569949         87.8001172783      0.00043948
   EM      1455     -3624.9894591270         87.7999215425      0.00043818
   EM      1460     -3624.9893617265         87.7997267416      0.00043688
   EM      1465     -3624.9892647903         87.7995328690      0.00043560
   EM      1470     -3624.9891683150         87.7993399185      0.00043432
   EM      1475     -3624.9890722976         87.7991478837      0.00043304
   EM      1480     -3624.9889767349         87.7989567582      0.00043178
   EM      1485     -3624.9888816238         87.7987665360      0.00043052
   EM      1490     -3624.9887869612         87.7985772109      0.00042926
   EM      1495     -3624.9886927441         87.7983887767      0.00042801
   EM      1500     -3624.9885989695         87.7982012275      0.00042677
   EM      1505     -3624.9885056343         87.7980145571      0.00042554
   EM      1510     -3624.9884127356         87.7978287598      0.00042431
   EM      1515     -3624.9883202705         87.7976438295      0.00042309
   EM      1520     -3624.9882282360         87.7974597604      0.00042187
   EM      1525     -3624.9881366292         87.7972765469      0.00042066
   EM      1530     -3624.9880454472         87.7970941830      0.00041946
   EM      1535     -3624.9879546873         87.7969126632      0.00041826
   EM      1540     -3624.9878643466         87.7967319817      0.00041707
   EM      1545     -3624.9877744223         87.7965521331      0.00041589
   EM      1550     -3624.9876849116         87.7963731117      0.00041471
   EM      1555     -3624.9875958118         87.7961949121      0.00041354
   EM      1560     -3624.9875071201         87.7960175288      0.00041237
   EM      1565     -3624.9874188339         87.7958409564      0.00041121
   EM      1570     -3624.9873309505         87.7956651896      0.00041005
   EM      1575     -3624.9872434673         87.7954902230      0.00040890
   EM      1580     -3624.9871563815         87.7953160514      0.00040776
   EM      1585     -3624.9870696906         87.7951426696      0.00040662
   EM      1590     -3624.9869833920         87.7949700724      0.00040549
   EM      1595     -3624.9868974831         87.7947982547      0.00040436
   EM      1600     -3624.9868119614         87.7946272113      0.00040324
   EM      1605     -3624.9867268244         87.7944569373      0.00040213
   EM      1610     -3624.9866420696         87.7942874276      0.00040102
   EM      1615     -3624.9865576944         87.7941186773      0.00039991
   EM      1620     -3624.9864736965         87.7939506814      0.00039881
   EM      1625     -3624.9863900733         87.7937834351      0.00039772
   EM      1630     -3624.9863068226         87.7936169336      0.00039663
   EM      1635     -3624.9862239418         87.7934511720      0.00039555
   EM      1640     -3624.9861414286         87.7932861456      0.00039447
   EM      1645     -3624.9860592806         87.7931218497      0.00039340
   EM      1650     -3624.9859774956         87.7929582796      0.00039233
   EM      1655     -3624.9858960711         87.7927954306      0.00039127
   EM      1660     -3624.9858150049         87.7926332983      0.00039021
   EM      1665     -3624.9857342947         87.7924718779      0.00038916
   EM      1670     -3624.9856539382         87.7923111650      0.00038812
   EM      1675     -3624.9855739333         87.7921511550      0.00038707
   EM      1680     -3624.9854942776         87.7919918437      0.00038604
   EM      1685     -3624.9854149690         87.7918332264      0.00038501
   EM      1690     -3624.9853360052         87.7916752989      0.00038398
   EM      1695     -3624.9852573842         87.7915180568      0.00038296
   EM      1700     -3624.9851791037         87.7913614958      0.00038194
   EM      1705     -3624.9851011616         87.7912056117      0.00038093
   EM      1710     -3624.9850235558         87.7910504001      0.00037992
   EM      1715     -3624.9849462842         87.7908958569      0.00037892
   EM      1720     -3624.9848693448         87.7907419780      0.00037792
   EM      1725     -3624.9847927353         87.7905887591      0.00037693
   EM      1730     -3624.9847164539         87.7904361963      0.00037594
   EM      1735     -3624.9846404984         87.7902842853      0.00037496
   EM      1740     -3624.9845648669         87.7901330223      0.00037398
   EM      1745     -3624.9844895573         87.7899824031      0.00037300
   EM      1750     -3624.9844145677         87.7898324238      0.00037203
   EM      1755     -3624.9843398960         87.7896830806      0.00037107
   EM      1760     -3624.9842655404         87.7895343693      0.00037011
   EM      1765     -3624.9841914989         87.7893862863      0.00036915
   EM      1770     -3624.9841177696         87.7892388276      0.00036820
   EM      1775     -3624.9840443505         87.7890919894      0.00036725
   EM      1780     -3624.9839712398         87.7889457680      0.00036631
   EM      1785     -3624.9838984355         87.7888001596      0.00036537
   EM      1790     -3624.9838259360         87.7886551604      0.00036443
   EM      1795     -3624.9837537392         87.7885107668      0.00036350
   EM      1800     -3624.9836818433         87.7883669751      0.00036258
   EM      1805     -3624.9836102466         87.7882237817      0.00036166
   EM      1810     -3624.9835389472         87.7880811829      0.00036074
   EM      1815     -3624.9834679433         87.7879391752      0.00035982
   EM      1820     -3624.9833972332         87.7877977550      0.00035892
   EM      1825     -3624.9833268151         87.7876569187      0.00035801
   EM      1830     -3624.9832566873         87.7875166630      0.00035711
   EM      1835     -3624.9831868479         87.7873769843      0.00035621
   EM      1840     -3624.9831172954         87.7872378792      0.00035532
   EM      1845     -3624.9830480279         87.7870993443      0.00035443
   EM      1850     -3624.9829790438         87.7869613761      0.00035355
   EM      1855     -3624.9829103414         87.7868239713      0.00035266
   EM      1860     -3624.9828419190         87.7866871266      0.00035179
   EM      1865     -3624.9827737751         87.7865508386      0.00035092
   EM      1870     -3624.9827059078         87.7864151041      0.00035005
   EM      1875     -3624.9826383157         87.7862799198      0.00034918
   EM      1880     -3624.9825709970         87.7861452825      0.00034832
   EM      1885     -3624.9825039502         87.7860111889      0.00034746
   EM      1890     -3624.9824371737         87.7858776359      0.00034661
   EM      1895     -3624.9823706659         87.7857446203      0.00034576
   EM      1900     -3624.9823044252         87.7856121389      0.00034491
   EM      1905     -3624.9822384501         87.7854801887      0.00034407
   EM      1910     -3624.9821727390         87.7853487665      0.00034323
   EM      1915     -3624.9821072904         87.7852178694      0.00034240
   EM      1920     -3624.9820421028         87.7850874941      0.00034156
   EM      1925     -3624.9819771746         87.7849576378      0.00034074
   EM      1930     -3624.9819125044         87.7848282974      0.00033991
   EM      1935     -3624.9818480907         87.7846994699      0.00033909
   EM      1940     -3624.9817839319         87.7845711524      0.00033827
   EM      1945     -3624.9817200267         87.7844433419      0.00033746
   EM      1950     -3624.9816563735         87.7843160356      0.00033665
   EM      1955     -3624.9815929710         87.7841892305      0.00033584
   EM      1960     -3624.9815298176         87.7840629238      0.00033504
   EM      1965     -3624.9814669120         87.7839371126      0.00033424
   EM      1970     -3624.9814042528         87.7838117941      0.00033345
   EM      1975     -3624.9813418385         87.7836869655      0.00033265
   EM      1980     -3624.9812796678         87.7835626240      0.00033186
   EM      1985     -3624.9812177392         87.7834387669      0.00033108
   EM      1990     -3624.9811560514         87.7833153914      0.00033030
   EM      1995     -3624.9810946031         87.7831924947      0.00032952
   EM      2000     -3624.9810333929         87.7830700743      0.00032874
   EM      2005     -3624.9809724194         87.7829481273      0.00032797
   EM      2010     -3624.9809116814         87.7828266512      0.00032720
   EM      2015     -3624.9808511774         87.7827056433      0.00032643
   EM      2020     -3624.9807909062         87.7825851009      0.00032567
   EM      2025     -3624.9807308665         87.7824650215      0.00032491
   EM      2030     -3624.9806710570         87.7823454025      0.00032415
   EM      2035     -3624.9806114764         87.7822262413      0.00032340
   EM      2040     -3624.9805521234         87.7821075353      0.00032265
   EM      2045     -3624.9804929968         87.7819892820      0.00032190
   EM      2050     -3624.9804340953         87.7818714790      0.00032116
   EM      2055     -3624.9803754176         87.7817541237      0.00032042
   EM      2060     -3624.9803169626         87.7816372136      0.00031968
   EM      2065     -3624.9802587289         87.7815207463      0.00031895
   EM      2070     -3624.9802007154         87.7814047194      0.00031821
   EM      2075     -3624.9801429209         87.7812891304      0.00031749
   EM      2080     -3624.9800853442         87.7811739768      0.00031676
   EM      2085     -3624.9800279840         87.7810592565      0.00031604
   EM      2090     -3624.9799708392         87.7809449668      0.00031532
   EM      2095     -3624.9799139085         87.7808311056      0.00031460
   EM      2100     -3624.9798571910         87.7807176704      0.00031389
   EM      2105     -3624.9798006852         87.7806046590      0.00031318
   EM      2110     -3624.9797443902         87.7804920690      0.00031247
   EM      2115     -3624.9796883048         87.7803798981      0.00031176
   EM      2120     -3624.9796324278         87.7802681441      0.00031106
   EM      2125     -3624.9795767581         87.7801568047      0.00031036
   EM      2130     -3624.9795212946         87.7800458777      0.00030967
   EM      2135     -3624.9794660362         87.7799353609      0.00030897
   EM      2140     -3624.9794109817         87.7798252519      0.00030828
   EM      2145     -3624.9793561301         87.7797155488      0.00030759
   EM      2150     -3624.9793014803         87.7796062492      0.00030691
   EM      2155     -3624.9792470312         87.7794973510      0.00030623
   EM      2160     -3624.9791927818         87.7793888520      0.00030555
   EM      2165     -3624.9791387309         87.7792807502      0.00030487
   EM      2170     -3624.9790848775         87.7791730434      0.00030420
   EM      2175     -3624.9790312205         87.7790657295      0.00030352
   EM      2180     -3624.9789777590         87.7789588064      0.00030286
   EM      2185     -3624.9789244918         87.7788522721      0.00030219
   EM      2190     -3624.9788714179         87.7787461244      0.00030153
   EM      2195     -3624.9788185364         87.7786403613      0.00030087
   EM      2200     -3624.9787658462         87.7785349809      0.00030021
   EM      2205     -3624.9787133463         87.7784299810      0.00029955
   EM      2210     -3624.9786610356         87.7783253597      0.00029890
   EM      2215     -3624.9786089133         87.7782211150      0.00029825
   EM      2220     -3624.9785569782         87.7781172449      0.00029760
   EM      2225     -3624.9785052295         87.7780137475      0.00029695
   EM      2230     -3624.9784536661         87.7779106207      0.00029631
   EM      2235     -3624.9784022871         87.7778078627      0.00029567
   EM      2240     -3624.9783510915         87.7777054716      0.00029503
   EM      2245     -3624.9783000784         87.7776034453      0.00029440
   EM      2250     -3624.9782492468         87.7775017821      0.00029377
   EM      2255     -3624.9781985958         87.7774004801      0.00029314
   EM      2260     -3624.9781481244         87.7772995373      0.00029251
   EM      2265     -3624.9780978317         87.7771989519      0.00029188
   EM      2270     -3624.9780477168         87.7770987221      0.00029126
   EM      2275     -3624.9779977788         87.7769988461      0.00029064
   EM      2280     -3624.9779480167         87.7768993219      0.00029002
   EM      2285     -3624.9778984297         87.7768001479      0.00028940
   EM      2290     -3624.9778490168         87.7767013221      0.00028879
   EM      2295     -3624.9777997772         87.7766028429      0.00028818
   EM      2300     -3624.9777507100         87.7765047084      0.00028757
   EM      2305     -3624.9777018142         87.7764069169      0.00028696
   EM      2310     -3624.9776530891         87.7763094667      0.00028636
   EM      2315     -3624.9776045337         87.7762123559      0.00028576
   EM      2320     -3624.9775561472         87.7761155829      0.00028516
   EM      2325     -3624.9775079287         87.7760191460      0.00028456
   EM      2330     -3624.9774598775         87.7759230434      0.00028397
   EM      2335     -3624.9774119925         87.7758272735      0.00028337
   EM      2340     -3624.9773642730         87.7757318345      0.00028278
   EM      2345     -3624.9773167182         87.7756367249      0.00028219
   EM      2350     -3624.9772693272         87.7755419429      0.00028161
   EM      2355     -3624.9772220992         87.7754474869      0.00028102
   EM      2360     -3624.9771750334         87.7753533552      0.00028044
   EM      2365     -3624.9771281289         87.7752595463      0.00027986
   EM      2370     -3624.9770813850         87.7751660585      0.00027929
   EM      2375     -3624.9770348009         87.7750728902      0.00027871
   EM      2380     -3624.9769883757         87.7749800398      0.00027814
   EM      2385     -3624.9769421086         87.7748875058      0.00027757
   EM      2390     -3624.9768959990         87.7747952865      0.00027700
   EM      2395     -3624.9768500460         87.7747033804      0.00027643
   EM      2400     -3624.9768042487         87.7746117859      0.00027587
   EM      2405     -3624.9767586065         87.7745205016      0.00027530
   EM      2410     -3624.9767131186         87.7744295258      0.00027474
   EM      2415     -3624.9766677843         87.7743388570      0.00027419
   EM      2420     -3624.9766226026         87.7742484937      0.00027363
   EM      2425     -3624.9765775730         87.7741584345      0.00027308
   EM      2430     -3624.9765326946         87.7740686778      0.00027252
   EM      2435     -3624.9764879668         87.7739792221      0.00027197
   EM      2440     -3624.9764433887         87.7738900660      0.00027143
   EM      2445     -3624.9763989597         87.7738012079      0.00027088
   EM      2450     -3624.9763546790         87.7737126465      0.00027033
   EM      2455     -3624.9763105459         87.7736243803      0.00026979
   EM      2460     -3624.9762665597         87.7735364079      0.00026925
   EM      2465     -3624.9762227196         87.7734487277      0.00026871
   EM      2470     -3624.9761790250         87.7733613385      0.00026818
   EM      2475     -3624.9761354751         87.7732742387      0.00026764
   EM      2480     -3624.9760920693         87.7731874270      0.00026711
   EM      2485     -3624.9760488068         87.7731009020      0.00026658
   EM      2490     -3624.9760056869         87.7730146623      0.00026605
   EM      2495     -3624.9759627090         87.7729287066      0.00026553
   EM      2500     -3624.9759198725         87.7728430334      0.00026500
   EM      2505     -3624.9758771765         87.7727576414      0.00026448
   EM      2510     -3624.9758346204         87.7726725293      0.00026396
   EM      2515     -3624.9757922036         87.7725876956      0.00026344
   EM      2520     -3624.9757499254         87.7725031392      0.00026292
   EM      2525     -3624.9757077851         87.7724188586      0.00026241
   EM      2530     -3624.9756657820         87.7723348525      0.00026189
   EM      2535     -3624.9756239156         87.7722511197      0.00026138
   EM      2540     -3624.9755821852         87.7721676588      0.00026087
   EM      2545     -3624.9755405900         87.7720844685      0.00026036
   EM      2550     -3624.9754991296         87.7720015476      0.00025986
   EM      2555     -3624.9754578031         87.7719188948      0.00025935
   EM      2560     -3624.9754166101         87.7718365087      0.00025885
   EM      2565     -3624.9753755499         87.7717543882      0.00025835
   EM      2570     -3624.9753346218         87.7716725320      0.00025785
   EM      2575     -3624.9752938252         87.7715909388      0.00025735
   EM      2580     -3624.9752531595         87.7715096075      0.00025686
   EM      2585     -3624.9752126241         87.7714285367      0.00025636
   EM      2590     -3624.9751722184         87.7713477253      0.00025587
   EM      2595     -3624.9751319418         87.7712671720      0.00025538
   EM      2600     -3624.9750917936         87.7711868757      0.00025489
   EM      2605     -3624.9750517733         87.7711068351      0.00025440
   EM      2610     -3624.9750118802         87.7710270490      0.00025392
   EM      2615     -3624.9749721139         87.7709475163      0.00025343
   EM      2620     -3624.9749324736         87.7708682357      0.00025295
   EM      2625     -3624.9748929589         87.7707892062      0.00025247
   EM      2630     -3624.9748535690         87.7707104265      0.00025199
   EM      2635     -3624.9748143035         87.7706318955      0.00025152
   EM      2640     -3624.9747751618         87.7705536120      0.00025104
   EM      2645     -3624.9747361432         87.7704755750      0.00025057
   EM      2650     -3624.9746972473         87.7703977831      0.00025010
   EM      2655     -3624.9746584735         87.7703202354      0.00024962
   EM      2660     -3624.9746198211         87.7702429308      0.00024916
   EM      2665     -3624.9745812897         87.7701658679      0.00024869
   EM      2670     -3624.9745428787         87.7700890459      0.00024822
   EM      2675     -3624.9745045875         87.7700124636      0.00024776
   EM      2680     -3624.9744664157         87.7699361198      0.00024730
   EM      2685     -3624.9744283625         87.7698600135      0.00024684
   EM      2690     -3624.9743904276         87.7697841437      0.00024638
   EM      2695     -3624.9743526103         87.7697085091      0.00024592
   EM      2700     -3624.9743149102         87.7696331089      0.00024546
   EM      2705     -3624.9742773266         87.7695579418      0.00024501
   EM      2710     -3624.9742398592         87.7694830069      0.00024455
   EM      2715     -3624.9742025073         87.7694083030      0.00024410
   EM      2720     -3624.9741652704         87.7693338292      0.00024365
   EM      2725     -3624.9741281480         87.7692595844      0.00024320
   EM      2730     -3624.9740911396         87.7691855676      0.00024276
   EM      2735     -3624.9740542446         87.7691117778      0.00024231
   EM      2740     -3624.9740174627         87.7690382138      0.00024187
   EM      2745     -3624.9739807932         87.7689648748      0.00024142
   EM      2750     -3624.9739442356         87.7688917597      0.00024098
   EM      2755     -3624.9739077895         87.7688188675      0.00024054
   EM      2760     -3624.9738714544         87.7687461972      0.00024010
   EM      2765     -3624.9738352297         87.7686737478      0.00023967
   EM      2770     -3624.9737991149         87.7686015184      0.00023923
   EM      2775     -3624.9737631097         87.7685295079      0.00023880
   EM      2780     -3624.9737272134         87.7684577153      0.00023837
   EM      2785     -3624.9736914257         87.7683861398      0.00023794
   EM      2790     -3624.9736557459         87.7683147804      0.00023751
   EM      2795     -3624.9736201738         87.7682436360      0.00023708
   EM      2800     -3624.9735847086         87.7681727058      0.00023665
   EM      2805     -3624.9735493501         87.7681019887      0.00023623
   EM      2810     -3624.9735140977         87.7680314839      0.00023580
   EM      2815     -3624.9734789510         87.7679611905      0.00023538
   EM      2820     -3624.9734439095         87.7678911074      0.00023496
   EM      2825     -3624.9734089727         87.7678212338      0.00023454
   EM      2830     -3624.9733741401         87.7677515687      0.00023412
   EM      2835     -3624.9733394114         87.7676821113      0.00023370
   EM      2840     -3624.9733047861         87.7676128606      0.00023329
   EM      2845     -3624.9732702636         87.7675438157      0.00023287
   EM      2850     -3624.9732358436         87.7674749758      0.00023246
   EM      2855     -3624.9732015257         87.7674063399      0.00023205
   EM      2860     -3624.9731673093         87.7673379071      0.00023164
   EM      2865     -3624.9731331940         87.7672696766      0.00023123
   EM      2870     -3624.9730991795         87.7672016475      0.00023082
   EM      2875     -3624.9730652652         87.7671338188      0.00023041
   EM      2880     -3624.9730314507         87.7670661899      0.00023001
   EM      2885     -3624.9729977356         87.7669987597      0.00022961
   EM      2890     -3624.9729641195         87.7669315274      0.00022920
   EM      2895     -3624.9729306019         87.7668644922      0.00022880
   EM      2900     -3624.9728971824         87.7667976532      0.00022840
   EM      2905     -3624.9728638606         87.7667310097      0.00022800
   EM      2910     -3624.9728306361         87.7666645606      0.00022761
   EM      2915     -3624.9727975084         87.7665983053      0.00022721
   EM      2920     -3624.9727644771         87.7665322428      0.00022681
   EM      2925     -3624.9727315419         87.7664663724      0.00022642
   EM      2930     -3624.9726987023         87.7664006932      0.00022603
   EM      2935     -3624.9726659580         87.7663352044      0.00022564
   EM      2940     -3624.9726333084         87.7662699053      0.00022525
   EM      2945     -3624.9726007532         87.7662047949      0.00022486
   EM      2950     -3624.9725682920         87.7661398725      0.00022447
   EM      2955     -3624.9725359244         87.7660751374      0.00022409
   EM      2960     -3624.9725036501         87.7660105886      0.00022370
   EM      2965     -3624.9724714685         87.7659462255      0.00022332
   EM      2970     -3624.9724393794         87.7658820472      0.00022293
   EM      2975     -3624.9724073822         87.7658180530      0.00022255
   EM      2980     -3624.9723754767         87.7657542420      0.00022217
   EM      2985     -3624.9723436625         87.7656906135      0.00022179
   EM      2990     -3624.9723119392         87.7656271668      0.00022142
   EM      2995     -3624.9722803063         87.7655639011      0.00022104
   EM      3000     -3624.9722487635         87.7655008156      0.00022066
   EM      3005     -3624.9722173105         87.7654379095      0.00022029
   EM      3010     -3624.9721859468         87.7653751822      0.00021992
   EM      3015     -3624.9721546722         87.7653126328      0.00021954
   EM      3020     -3624.9721234861         87.7652502607      0.00021917
   EM      3025     -3624.9720923883         87.7651880650      0.00021880
   EM      3030     -3624.9720613783         87.7651260451      0.00021843
   EM      3035     -3624.9720304559         87.7650642002      0.00021807
   EM      3040     -3624.9719996206         87.7650025296      0.00021770
   EM      3045     -3624.9719688721         87.7649410326      0.00021734
   EM      3050     -3624.9719382100         87.7648797085      0.00021697
   EM      3055     -3624.9719076340         87.7648185565      0.00021661
   EM      3060     -3624.9718771437         87.7647575759      0.00021625
   EM      3065     -3624.9718467388         87.7646967661      0.00021589
   EM      3070     -3624.9718164189         87.7646361263      0.00021553
   EM      3075     -3624.9717861836         87.7645756558      0.00021517
   EM      3080     -3624.9717560327         87.7645153539      0.00021481
   EM      3085     -3624.9717259657         87.7644552200      0.00021445
   EM      3090     -3624.9716959824         87.7643952533      0.00021410
   EM      3095     -3624.9716660823         87.7643354532      0.00021375
   EM      3100     -3624.9716362652         87.7642758189      0.00021339
   EM      3105     -3624.9716065307         87.7642163499      0.00021304
   EM      3110     -3624.9715768785         87.7641570454      0.00021269
   EM      3115     -3624.9715473082         87.7640979048      0.00021234
   EM      3120     -3624.9715178195         87.7640389274      0.00021199
   EM      3125     -3624.9714884120         87.7639801125      0.00021164
   EM      3130     -3624.9714590855         87.7639214595      0.00021130
   EM      3135     -3624.9714298396         87.7638629677      0.00021095
   EM      3140     -3624.9714006740         87.7638046365      0.00021061
   EM      3145     -3624.9713715884         87.7637464652      0.00021026
   EM      3150     -3624.9713425824         87.7636884532      0.00020992
   EM      3155     -3624.9713136557         87.7636305998      0.00020958
   EM      3160     -3624.9712848080         87.7635729044      0.00020924
   EM      3165     -3624.9712560390         87.7635153664      0.00020890
   EM      3170     -3624.9712273483         87.7634579851      0.00020856
   EM      3175     -3624.9711987357         87.7634007600      0.00020822
   EM      3180     -3624.9711702009         87.7633436902      0.00020789
   EM      3185     -3624.9711417434         87.7632867754      0.00020755
   EM      3190     -3624.9711133631         87.7632300148      0.00020722
   EM      3195     -3624.9710850596         87.7631734078      0.00020688
   EM      3200     -3624.9710568326         87.7631169538      0.00020655
   EM      3205     -3624.9710286819         87.7630606522      0.00020622
   EM      3210     -3624.9710006070         87.7630045024      0.00020589
   EM      3215     -3624.9709726077         87.7629485038      0.00020556
   EM      3220     -3624.9709446837         87.7628926558      0.00020523
   EM      3225     -3624.9709168347         87.7628369578      0.00020490
   EM      3230     -3624.9708890604         87.7627814092      0.00020457
   EM      3235     -3624.9708613605         87.7627260094      0.00020425
   EM      3240     -3624.9708337347         87.7626707579      0.00020392
   EM      3245     -3624.9708061827         87.7626156539      0.00020360
   EM      3250     -3624.9707787043         87.7625606971      0.00020328
   EM      3255     -3624.9707512991         87.7625058867      0.00020295
   EM      3260     -3624.9707239669         87.7624512223      0.00020263
   EM      3265     -3624.9706967073         87.7623967031      0.00020231
   EM      3270     -3624.9706695201         87.7623423288      0.00020199
   EM      3275     -3624.9706424051         87.7622880986      0.00020168
   EM      3280     -3624.9706153618         87.7622340121      0.00020136
   EM      3285     -3624.9705883901         87.7621800687      0.00020104
   EM      3290     -3624.9705614896         87.7621262678      0.00020073
   EM      3295     -3624.9705346602         87.7620726088      0.00020041
   EM      3300     -3624.9705079014         87.7620190913      0.00020010
   EM      3305     -3624.9704812131         87.7619657147      0.00019979
   EM      3310     -3624.9704545949         87.7619124783      0.00019947
   EM      3315     -3624.9704280466         87.7618593817      0.00019916
   EM      3320     -3624.9704015680         87.7618064244      0.00019885
   EM      3325     -3624.9703751586         87.7617536058      0.00019854
   EM      3330     -3624.9703488184         87.7617009253      0.00019823
   EM      3335     -3624.9703225470         87.7616483825      0.00019793
   EM      3340     -3624.9702963441         87.7615959767      0.00019762
   EM      3345     -3624.9702702095         87.7615437076      0.00019731
   EM      3350     -3624.9702441430         87.7614915745      0.00019701
   EM      3355     -3624.9702181442         87.7614395769      0.00019671
   EM      3360     -3624.9701922129         87.7613877143      0.00019640
   EM      3365     -3624.9701663488         87.7613359862      0.00019610
   EM      3370     -3624.9701405518         87.7612843921      0.00019580
   EM      3375     -3624.9701148215         87.7612329314      0.00019550
   EM      3380     -3624.9700891576         87.7611816037      0.00019520
   EM      3385     -3624.9700635600         87.7611304085      0.00019490
   EM      3390     -3624.9700380284         87.7610793452      0.00019460
   EM      3395     -3624.9700125624         87.7610284134      0.00019430
   EM      3400     -3624.9699871620         87.7609776125      0.00019401
   EM      3405     -3624.9699618268         87.7609269420      0.00019371
   EM      3410     -3624.9699365565         87.7608764015      0.00019342
   EM      3415     -3624.9699113510         87.7608259905      0.00019312
   EM      3420     -3624.9698862100         87.7607757085      0.00019283
   EM      3425     -3624.9698611332         87.7607255549      0.00019254
   EM      3430     -3624.9698361204         87.7606755293      0.00019225
   EM      3435     -3624.9698111714         87.7606256313      0.00019196
   EM      3440     -3624.9697862859         87.7605758603      0.00019167
   EM      3445     -3624.9697614637         87.7605262159      0.00019138
   EM      3450     -3624.9697367045         87.7604766976      0.00019109
   EM      3455     -3624.9697120082         87.7604273049      0.00019080
   EM      3460     -3624.9696873744         87.7603780373      0.00019052
   EM      3465     -3624.9696628030         87.7603288945      0.00019023
   EM      3470     -3624.9696382937         87.7602798758      0.00018994
   EM      3475     -3624.9696138462         87.7602309809      0.00018966
   EM      3480     -3624.9695894604         87.7601822093      0.00018938
   EM      3485     -3624.9695651360         87.7601335606      0.00018909
   EM      3490     -3624.9695408729         87.7600850342      0.00018881
   EM      3495     -3624.9695166706         87.7600366297      0.00018853
   EM      3500     -3624.9694925291         87.7599883468      0.00018825
   EM      3505     -3624.9694684482         87.7599401848      0.00018797
   EM      3510     -3624.9694444275         87.7598921434      0.00018769
   EM      3515     -3624.9694204668         87.7598442222      0.00018741
   EM      3520     -3624.9693965661         87.7597964206      0.00018714
   EM      3525     -3624.9693727249         87.7597487383      0.00018686
   EM      3530     -3624.9693489432         87.7597011748      0.00018658
   EM      3535     -3624.9693252206         87.7596537297      0.00018631
   EM      3540     -3624.9693015570         87.7596064025      0.00018604
   EM      3545     -3624.9692779521         87.7595591928      0.00018576
   EM      3550     -3624.9692544058         87.7595121002      0.00018549
   EM      3555     -3624.9692309178         87.7594651242      0.00018522
   EM      3560     -3624.9692074880         87.7594182644      0.00018495
   EM      3565     -3624.9691841160         87.7593715205      0.00018467
   EM      3570     -3624.9691608017         87.7593248919      0.00018440
   EM      3575     -3624.9691375449         87.7592783782      0.00018414
   EM      3580     -3624.9691143453         87.7592319791      0.00018387
   EM      3585     -3624.9690912028         87.7591856942      0.00018360
   EM      3590     -3624.9690681172         87.7591395229      0.00018333
   EM      3595     -3624.9690450882         87.7590934649      0.00018307
   EM      3600     -3624.9690221156         87.7590475198      0.00018280
   EM      3605     -3624.9689991993         87.7590016872      0.00018254
   EM      3610     -3624.9689763390         87.7589559666      0.00018227
   EM      3615     -3624.9689535346         87.7589103577      0.00018201
   EM      3620     -3624.9689307858         87.7588648600      0.00018175
   EM      3625     -3624.9689080924         87.7588194732      0.00018148
   EM      3630     -3624.9688854542         87.7587741969      0.00018122
   EM      3635     -3624.9688628711         87.7587290307      0.00018096
   EM      3640     -3624.9688403428         87.7586839741      0.00018070
   EM      3645     -3624.9688178691         87.7586390267      0.00018044
   EM      3650     -3624.9687954499         87.7585941883      0.00018018
   EM      3655     -3624.9687730849         87.7585494584      0.00017993
   EM      3660     -3624.9687507740         87.7585048365      0.00017967
   EM      3665     -3624.9687285169         87.7584603224      0.00017941
   EM      3670     -3624.9687063136         87.7584159156      0.00017916
   EM      3675     -3624.9686841636         87.7583716158      0.00017890
   EM      3680     -3624.9686620670         87.7583274225      0.00017865
   EM      3685     -3624.9686400235         87.7582833355      0.00017839
   EM      3690     -3624.9686180329         87.7582393542      0.00017814
   EM      3695     -3624.9685960950         87.7581954784      0.00017789
   EM      3700     -3624.9685742096         87.7581517077      0.00017763
   EM      3705     -3624.9685523766         87.7581080417      0.00017738
   EM      3710     -3624.9685305957         87.7580644800      0.00017713
   EM      3715     -3624.9685088669         87.7580210223      0.00017688
   EM      3720     -3624.9684871898         87.7579776681      0.00017663
   EM      3725     -3624.9684655643         87.7579344172      0.00017638
   EM      3730     -3624.9684439903         87.7578912691      0.00017614
   EM      3735     -3624.9684224676         87.7578482236      0.00017589
   EM      3740     -3624.9684009959         87.7578052802      0.00017564
   EM      3745     -3624.9683795750         87.7577624386      0.00017540
   EM      3750     -3624.9683582050         87.7577196984      0.00017515
   EM      3755     -3624.9683368854         87.7576770593      0.00017491
   EM      3760     -3624.9683156162         87.7576345209      0.00017466
   EM      3765     -3624.9682943972         87.7575920829      0.00017442
   EM      3770     -3624.9682732282         87.7575497449      0.00017418
   EM      3775     -3624.9682521090         87.7575075066      0.00017393
   EM      3780     -3624.9682310396         87.7574653676      0.00017369
   EM      3785     -3624.9682100195         87.7574233276      0.00017345
   EM      3790     -3624.9681890489         87.7573813862      0.00017321
   EM      3795     -3624.9681681273         87.7573395431      0.00017297
   EM      3800     -3624.9681472548         87.7572977980      0.00017273
   EM      3805     -3624.9681264310         87.7572561505      0.00017249
   EM      3810     -3624.9681056559         87.7572146003      0.00017225
   EM      3815     -3624.9680849292         87.7571731470      0.00017202
   EM      3820     -3624.9680642509         87.7571317903      0.00017178
   EM      3825     -3624.9680436207         87.7570905299      0.00017154
   EM      3830     -3624.9680230385         87.7570493654      0.00017131
   EM      3835     -3624.9680025040         87.7570082966      0.00017107
   EM      3840     -3624.9679820173         87.7569673230      0.00017084
   EM      3845     -3624.9679615780         87.7569264444      0.00017061
   EM      3850     -3624.9679411860         87.7568856604      0.00017037
   EM      3855     -3624.9679208411         87.7568449708      0.00017014
   EM      3860     -3624.9679005433         87.7568043751      0.00016991
   EM      3865     -3624.9678802923         87.7567638731      0.00016968
   EM      3870     -3624.9678600880         87.7567234645      0.00016945
   EM      3875     -3624.9678399302         87.7566831488      0.00016921
   EM      3880     -3624.9678198187         87.7566429259      0.00016899
   EM      3885     -3624.9677997535         87.7566027954      0.00016876
   EM      3890     -3624.9677797342         87.7565627570      0.00016853
   EM      3895     -3624.9677597609         87.7565228103      0.00016830
   EM      3900     -3624.9677398333         87.7564829551      0.00016807
   EM      3905     -3624.9677199513         87.7564431911      0.00016785
   EM      3910     -3624.9677001147         87.7564035179      0.00016762
   EM      3915     -3624.9676803233         87.7563639352      0.00016739
   EM      3920     -3624.9676605771         87.7563244427      0.00016717
   EM      3925     -3624.9676408759         87.7562850402      0.00016694
   EM      3930     -3624.9676212194         87.7562457273      0.00016672
   EM      3935     -3624.9676016076         87.7562065038      0.00016650
   EM      3940     -3624.9675820404         87.7561673692      0.00016627
   EM      3945     -3624.9675625174         87.7561283234      0.00016605
   EM      3950     -3624.9675430387         87.7560893660      0.00016583
   EM      3955     -3624.9675236041         87.7560504967      0.00016561
   EM      3960     -3624.9675042134         87.7560117152      0.00016539
   EM      3965     -3624.9674848664         87.7559730213      0.00016517
   EM      3970     -3624.9674655631         87.7559344147      0.00016495
   EM      3975     -3624.9674463032         87.7558958950      0.00016473
   EM      3980     -3624.9674270867         87.7558574619      0.00016451
   EM      3985     -3624.9674079134         87.7558191153      0.00016429
   EM      3990     -3624.9673887831         87.7557808547      0.00016407
   EM      3995     -3624.9673696957         87.7557426800      0.00016386
   EM      4000     -3624.9673506511         87.7557045907      0.00016364
   EM      4005     -3624.9673316491         87.7556665867      0.00016342
   EM      4010     -3624.9673126896         87.7556286677      0.00016321
   EM      4015     -3624.9672937724         87.7555908333      0.00016299
   EM      4020     -3624.9672748974         87.7555530833      0.00016278
   EM      4025     -3624.9672560645         87.7555154175      0.00016257
   EM      4030     -3624.9672372735         87.7554778355      0.00016235
   EM      4035     -3624.9672185242         87.7554403370      0.00016214
   EM      4040     -3624.9671998167         87.7554029218      0.00016193
   EM      4045     -3624.9671811506         87.7553655897      0.00016172
   EM      4050     -3624.9671625259         87.7553283402      0.00016150
   EM      4055     -3624.9671439424         87.7552911733      0.00016129
   EM      4060     -3624.9671254000         87.7552540885      0.00016108
   EM      4065     -3624.9671068986         87.7552170857      0.00016087
   EM      4070     -3624.9670884380         87.7551801645      0.00016066
   EM      4075     -3624.9670700181         87.7551433248      0.00016046
   EM      4080     -3624.9670516388         87.7551065661      0.00016025
   EM      4085     -3624.9670332999         87.7550698884      0.00016004
   EM      4090     -3624.9670150014         87.7550332912      0.00015983
   EM      4095     -3624.9669967429         87.7549967744      0.00015963
   EM      4100     -3624.9669785246         87.7549603376      0.00015942
   EM      4105     -3624.9669603461         87.7549239807      0.00015921
   EM      4110     -3624.9669422074         87.7548877033      0.00015901
   EM      4115     -3624.9669241084         87.7548515053      0.00015880
   EM      4120     -3624.9669060489         87.7548153862      0.00015860
   EM      4125     -3624.9668880288         87.7547793460      0.00015840
   EM      4130     -3624.9668700479         87.7547433843      0.00015819
   EM      4135     -3624.9668521062         87.7547075009      0.00015799
   EM      4140     -3624.9668342035         87.7546716955      0.00015779
   EM      4145     -3624.9668163397         87.7546359679      0.00015759
   EM      4150     -3624.9667985147         87.7546003178      0.00015738
   EM      4155     -3624.9667807283         87.7545647450      0.00015718
   EM      4160     -3624.9667629804         87.7545292492      0.00015698
   EM      4165     -3624.9667452709         87.7544938302      0.00015678
   EM      4170     -3624.9667275996         87.7544584878      0.00015658
   EM      4175     -3624.9667099666         87.7544232216      0.00015638
   EM      4180     -3624.9666923715         87.7543880315      0.00015619
   EM      4185     -3624.9666748144         87.7543529172      0.00015599
   EM      4190     -3624.9666572950         87.7543178785      0.00015579
   EM      4195     -3624.9666398133         87.7542829151      0.00015559
   EM      4200     -3624.9666223691         87.7542480268      0.00015540
   EM      4205     -3624.9666049624         87.7542132133      0.00015520
   EM      4210     -3624.9665875930         87.7541784744      0.00015500
   EM      4215     -3624.9665702607         87.7541438099      0.00015481
   EM      4220     -3624.9665529655         87.7541092195      0.00015461
   EM      4225     -3624.9665357073         87.7540747030      0.00015442
   EM      4230     -3624.9665184859         87.7540402602      0.00015423
   EM      4235     -3624.9665013012         87.7540058909      0.00015403
   EM      4240     -3624.9664841531         87.7539715947      0.00015384
   EM      4245     -3624.9664670415         87.7539373715      0.00015365
   EM      4250     -3624.9664499663         87.7539032210      0.00015345
   EM      4255     -3624.9664329273         87.7538691431      0.00015326
   EM      4260     -3624.9664159245         87.7538351374      0.00015307
   EM      4265     -3624.9663989577         87.7538012038      0.00015288
   EM      4270     -3624.9663820268         87.7537673420      0.00015269
   EM      4275     -3624.9663651317         87.7537335518      0.00015250
   EM      4280     -3624.9663482723         87.7536998330      0.00015231
   EM      4285     -3624.9663314484         87.7536661854      0.00015212
   EM      4290     -3624.9663146601         87.7536326087      0.00015193
   EM      4295     -3624.9662979071         87.7535991027      0.00015175
   EM      4300     -3624.9662811893         87.7535656672      0.00015156
   EM      4305     -3624.9662645067         87.7535323019      0.00015137
   EM      4310     -3624.9662478591         87.7534990068      0.00015118
   EM      4315     -3624.9662312465         87.7534657814      0.00015100
   EM      4320     -3624.9662146686         87.7534326257      0.00015081
   EM      4325     -3624.9661981254         87.7533995394      0.00015063
   EM      4330     -3624.9661816169         87.7533665222      0.00015044
   EM      4335     -3624.9661651428         87.7533335740      0.00015026
   EM      4340     -3624.9661487031         87.7533006946      0.00015007
   EM      4345     -3624.9661322976         87.7532678838      0.00014989
   EM      4350     -3624.9661159264         87.7532351412      0.00014970
   EM      4355     -3624.9660995892         87.7532024668      0.00014952
   EM      4360     -3624.9660832859         87.7531698603      0.00014934
   EM      4365     -3624.9660670165         87.7531373215      0.00014916
   EM      4370     -3624.9660507809         87.7531048502      0.00014897
   EM      4375     -3624.9660345789         87.7530724462      0.00014879
   EM      4380     -3624.9660184104         87.7530401093      0.00014861
   EM      4385     -3624.9660022754         87.7530078392      0.00014843
   EM      4390     -3624.9659861737         87.7529756359      0.00014825
   EM      4395     -3624.9659701052         87.7529434989      0.00014807
   EM      4400     -3624.9659540699         87.7529114283      0.00014789
   EM      4405     -3624.9659380676         87.7528794237      0.00014771
   EM      4410     -3624.9659220982         87.7528474849      0.00014753
   EM      4415     -3624.9659061617         87.7528156119      0.00014735
   EM      4420     -3624.9658902579         87.7527838042      0.00014718
   EM      4425     -3624.9658743867         87.7527520619      0.00014700
   EM      4430     -3624.9658585480         87.7527203845      0.00014682
   EM      4435     -3624.9658427418         87.7526887721      0.00014665
   EM      4440     -3624.9658269679         87.7526572243      0.00014647
   EM      4445     -3624.9658112263         87.7526257410      0.00014629
   EM      4450     -3624.9657955167         87.7525943220      0.00014612
   EM      4455     -3624.9657798393         87.7525629670      0.00014594
   EM      4460     -3624.9657641937         87.7525316759      0.00014577
   EM      4465     -3624.9657485800         87.7525004485      0.00014559
   EM      4470     -3624.9657329981         87.7524692846      0.00014542
   EM      4475     -3624.9657174478         87.7524381841      0.00014525
   EM      4480     -3624.9657019290         87.7524071466      0.00014507
   EM      4485     -3624.9656864418         87.7523761720      0.00014490
   EM      4490     -3624.9656709859         87.7523452602      0.00014473
   EM      4495     -3624.9656555612         87.7523144110      0.00014456
   EM      4500     -3624.9656401678         87.7522836241      0.00014439
   EM      4505     -3624.9656248054         87.7522528994      0.00014421
   EM      4510     -3624.9656094741         87.7522222367      0.00014404
   EM      4515     -3624.9655941736         87.7521916357      0.00014387
   EM      4520     -3624.9655789040         87.7521610964      0.00014370
   EM      4525     -3624.9655636650         87.7521306185      0.00014353
   EM      4530     -3624.9655484567         87.7521002019      0.00014336
   EM      4535     -3624.9655332789         87.7520698464      0.00014319
   EM      4540     -3624.9655181316         87.7520395517      0.00014303
   EM      4545     -3624.9655030146         87.7520093177      0.00014286
   EM      4550     -3624.9654879279         87.7519791443      0.00014269
   EM      4555     -3624.9654728713         87.7519490312      0.00014252
   EM      4560     -3624.9654578449         87.7519189783      0.00014235
   EM      4565     -3624.9654428484         87.7518889853      0.00014219
   EM      4570     -3624.9654278818         87.7518590522      0.00014202
   EM      4575     -3624.9654129451         87.7518291787      0.00014186
   EM      4580     -3624.9653980381         87.7517993646      0.00014169
   EM      4585     -3624.9653831607         87.7517696099      0.00014152
   EM      4590     -3624.9653683128         87.7517399142      0.00014136
   EM      4595     -3624.9653534945         87.7517102775      0.00014120
   EM      4600     -3624.9653387055         87.7516806995      0.00014103
   EM      4605     -3624.9653239458         87.7516511801      0.00014087
   EM      4610     -3624.9653092153         87.7516217191      0.00014070
   EM      4615     -3624.9652945139         87.7515923164      0.00014054
   EM      4620     -3624.9652798416         87.7515629717      0.00014038
   EM      4625     -3624.9652651982         87.7515336850      0.00014021
   EM      4630     -3624.9652505837         87.7515044559      0.00014005
   EM      4635     -3624.9652359980         87.7514752844      0.00013989
   EM      4640     -3624.9652214409         87.7514461704      0.00013973
   EM      4645     -3624.9652069125         87.7514171135      0.00013957
   EM      4650     -3624.9651924126         87.7513881137      0.00013941
   EM      4655     -3624.9651779412         87.7513591708      0.00013925
   EM      4660     -3624.9651634981         87.7513302846      0.00013909
   EM      4665     -3624.9651490833         87.7513014550      0.00013893
   EM      4670     -3624.9651346967         87.7512726818      0.00013877
   EM      4675     -3624.9651203382         87.7512439648      0.00013861
   EM      4680     -3624.9651060077         87.7512153039      0.00013845
   EM      4685     -3624.9650917052         87.7511866989      0.00013829
   EM      4690     -3624.9650774306         87.7511581496      0.00013813
   EM      4695     -3624.9650631837         87.7511296559      0.00013798
   EM      4700     -3624.9650489646         87.7511012177      0.00013782
   EM      4705     -3624.9650347731         87.7510728347      0.00013766
   EM      4710     -3624.9650206092         87.7510445068      0.00013750
   EM      4715     -3624.9650064727         87.7510162339      0.00013735
   EM      4720     -3624.9649923636         87.7509880157      0.00013719
   EM      4725     -3624.9649782819         87.7509598522      0.00013704
   EM      4730     -3624.9649642273         87.7509317431      0.00013688
   EM      4735     -3624.9649502000         87.7509036884      0.00013673
   EM      4740     -3624.9649361997         87.7508756878      0.00013657
   EM      4745     -3624.9649222264         87.7508477413      0.00013642
   EM      4750     -3624.9649082800         87.7508198485      0.00013626
   EM      4755     -3624.9648943605         87.7507920095      0.00013611
   EM      4760     -3624.9648804678         87.7507642240      0.00013596
   EM      4765     -3624.9648666017         87.7507364919      0.00013580
   EM      4770     -3624.9648527623         87.7507088131      0.00013565
   EM      4775     -3624.9648389494         87.7506811873      0.00013550
   EM      4780     -3624.9648251630         87.7506536145      0.00013535
   EM      4785     -3624.9648114030         87.7506260944      0.00013519
   EM      4790     -3624.9647976693         87.7505986270      0.00013504
   EM      4795     -3624.9647839618         87.7505712121      0.00013489
   EM      4800     -3624.9647702805         87.7505438495      0.00013474
   EM      4805     -3624.9647566253         87.7505165391      0.00013459
   EM      4810     -3624.9647429961         87.7504892807      0.00013444
   EM      4815     -3624.9647293929         87.7504620742      0.00013429
   EM      4820     -3624.9647158155         87.7504349195      0.00013414
   EM      4825     -3624.9647022639         87.7504078163      0.00013399
   EM      4830     -3624.9646887381         87.7503807646      0.00013384
   EM      4835     -3624.9646752379         87.7503537643      0.00013369
   EM      4840     -3624.9646617633         87.7503268150      0.00013354
   EM      4845     -3624.9646483142         87.7502999168      0.00013340
   EM      4850     -3624.9646348905         87.7502730695      0.00013325
   EM      4855     -3624.9646214922         87.7502462729      0.00013310
   EM      4860     -3624.9646081192         87.7502195269      0.00013295
   EM      4865     -3624.9645947714         87.7501928314      0.00013281
   EM      4870     -3624.9645814488         87.7501661861      0.00013266
   EM      4875     -3624.9645681513         87.7501395911      0.00013251
   EM      4880     -3624.9645548788         87.7501130460      0.00013237
   EM      4885     -3624.9645416312         87.7500865508      0.00013222
   EM      4890     -3624.9645284085         87.7500601054      0.00013208
   EM      4895     -3624.9645152106         87.7500337096      0.00013193
   EM      4900     -3624.9645020374         87.7500073633      0.00013179
   EM      4905     -3624.9644888889         87.7499810662      0.00013164
   EM      4910     -3624.9644757650         87.7499548184      0.00013150
   EM      4915     -3624.9644626656         87.7499286197      0.00013135
   EM      4920     -3624.9644495907         87.7499024698      0.00013121
   EM      4925     -3624.9644365401         87.7498763688      0.00013107
   EM      4930     -3624.9644235139         87.7498503164      0.00013092
   EM      4935     -3624.9644105120         87.7498243125      0.00013078
   EM      4940     -3624.9643975342         87.7497983570      0.00013064
   EM      4945     -3624.9643845806         87.7497724497      0.00013050
   EM      4950     -3624.9643716510         87.7497465906      0.00013035
   EM      4955     -3624.9643587455         87.7497207794      0.00013021
   EM      4960     -3624.9643458638         87.7496950161      0.00013007
   EM      4965     -3624.9643330060         87.7496693005      0.00012993
   EM      4970     -3624.9643201720         87.7496436325      0.00012979
   EM      4975     -3624.9643073617         87.7496180119      0.00012965
   EM      4980     -3624.9642945751         87.7495924387      0.00012951
   EM      4985     -3624.9642818121         87.7495669127      0.00012937
   EM      4990     -3624.9642690726         87.7495414337      0.00012923
   EM      4995     -3624.9642563566         87.7495160017      0.00012909
   EM      5000     -3624.9642436640         87.7494906164      0.00012895
   Newton     1     -3624.9558282206         87.7326597296      0.33331542 
   Newton     2     -3624.9527196345         87.7264425575      0.23084875 
   Newton     3     -3624.9513056294         87.7236145473      0.20922480 
   Newton     4     -3624.9506586994         87.7223206872      0.18668962 
   Newton     5     -3624.9503521385         87.7217075654      0.17632162 
   Newton     6     -3624.9502060410         87.7214153705      0.17145031 
   Newton     7     -3624.9501381566         87.7212796017      0.16893306 
   Newton     8     -3624.9501083611         87.7212200107      0.16537354 
   Newton     9     -3624.9500961307         87.7211955500      0.15925447 
   Newton    10     -3624.9500913714         87.7211860312      0.15101430 
   Newton    11     -3624.9500895765         87.7211824416      0.14197144 
   Newton    12     -3624.9500889097         87.7211811078      0.13316800 
   Newton    13     -3624.9500886634         87.7211806153      0.12507228 
   Newton    14     -3624.9500885727         87.7211804338      0.11778478 
   Newton    15     -3624.9500885393         87.7211803671      0.11125596 
   Newton    16     -3624.9500885393         87.7211803671      0.00000008 
   Newton    17     -3624.9500885393         87.7211803671      0.00000006 
   Standard errors
   WARNING: 1 boundary or non-identified parameter(s)
   Preparing output

   Wall clock time=8

Writing scored data to:
o07_posteriors.txt
